<?xml version="1.0" encoding="ISO-8859-1" ?>
<link_info>
   <banner>TI ARM Linker PC v20.2.4.LTS</banner>
   <copyright>Copyright (c) 1996-2018 Texas Instruments Incorporated</copyright>
   <link_time>0x6191cbe6</link_time>
   <link_errors>0x0</link_errors>
   <output_file>Final_Project_MSP432_Mehul.out</output_file>
   <entry_point>
      <name>_c_int00_noargs</name>
      <address>0x68a5</address>
   </entry_point>
   <input_file_list>
      <input_file id="fl-2">
         <path>.\ccs\</path>
         <kind>object</kind>
         <file>startup_msp432p401r_ccs.obj</file>
         <name>startup_msp432p401r_ccs.obj</name>
      </input_file>
      <input_file id="fl-3">
         <path>.\source\</path>
         <kind>object</kind>
         <file>RTC.obj</file>
         <name>RTC.obj</name>
      </input_file>
      <input_file id="fl-4">
         <path>.\source\</path>
         <kind>object</kind>
         <file>UART0.obj</file>
         <name>UART0.obj</name>
      </input_file>
      <input_file id="fl-5">
         <path>.\source\</path>
         <kind>object</kind>
         <file>UART2.obj</file>
         <name>UART2.obj</name>
      </input_file>
      <input_file id="fl-6">
         <path>.\source\</path>
         <kind>object</kind>
         <file>app_mode.obj</file>
         <name>app_mode.obj</name>
      </input_file>
      <input_file id="fl-7">
         <path>.\source\</path>
         <kind>object</kind>
         <file>bme280.obj</file>
         <name>bme280.obj</name>
      </input_file>
      <input_file id="fl-8">
         <path>.\source\</path>
         <kind>object</kind>
         <file>bme280_support.obj</file>
         <name>bme280_support.obj</name>
      </input_file>
      <input_file id="fl-9">
         <path>.\source\</path>
         <kind>object</kind>
         <file>cbfifo.obj</file>
         <name>cbfifo.obj</name>
      </input_file>
      <input_file id="fl-a">
         <path>.\source\</path>
         <kind>object</kind>
         <file>cli.obj</file>
         <name>cli.obj</name>
      </input_file>
      <input_file id="fl-b">
         <path>.\source\</path>
         <kind>object</kind>
         <file>demo_sysctl.obj</file>
         <name>demo_sysctl.obj</name>
      </input_file>
      <input_file id="fl-c">
         <path>.\source\</path>
         <kind>object</kind>
         <file>i2c_driver.obj</file>
         <name>i2c_driver.obj</name>
      </input_file>
      <input_file id="fl-d">
         <path>.\source\</path>
         <kind>object</kind>
         <file>main.obj</file>
         <name>main.obj</name>
      </input_file>
      <input_file id="fl-e">
         <path>.\source\</path>
         <kind>object</kind>
         <file>system_clock.obj</file>
         <name>system_clock.obj</name>
      </input_file>
      <input_file id="fl-f">
         <path>.\source\</path>
         <kind>object</kind>
         <file>system_msp432p401r.obj</file>
         <name>system_msp432p401r.obj</name>
      </input_file>
      <input_file id="fl-10">
         <path>.\source\</path>
         <kind>object</kind>
         <file>systick.obj</file>
         <name>systick.obj</name>
      </input_file>
      <input_file id="fl-19">
         <kind>object</kind>
         <file>&lt;internal&gt;</file>
         <name>&lt;internal&gt;</name>
      </input_file>
      <input_file id="fl-1a">
         <path>C:\ti\simplelink_msp432p4_sdk_3_40_01_02\source\ti\devices\msp432p4xx\driverlib\ccs\</path>
         <kind>archive</kind>
         <file>msp432p4xx_driverlib.lib</file>
         <name>cs.o</name>
      </input_file>
      <input_file id="fl-1b">
         <path>C:\ti\simplelink_msp432p4_sdk_3_40_01_02\source\ti\devices\msp432p4xx\driverlib\ccs\</path>
         <kind>archive</kind>
         <file>msp432p4xx_driverlib.lib</file>
         <name>gpio.o</name>
      </input_file>
      <input_file id="fl-1c">
         <path>C:\ti\simplelink_msp432p4_sdk_3_40_01_02\source\ti\devices\msp432p4xx\driverlib\ccs\</path>
         <kind>archive</kind>
         <file>msp432p4xx_driverlib.lib</file>
         <name>i2c.o</name>
      </input_file>
      <input_file id="fl-1d">
         <path>C:\ti\simplelink_msp432p4_sdk_3_40_01_02\source\ti\devices\msp432p4xx\driverlib\ccs\</path>
         <kind>archive</kind>
         <file>msp432p4xx_driverlib.lib</file>
         <name>interrupt.o</name>
      </input_file>
      <input_file id="fl-1e">
         <path>C:\ti\simplelink_msp432p4_sdk_3_40_01_02\source\ti\devices\msp432p4xx\driverlib\ccs\</path>
         <kind>archive</kind>
         <file>msp432p4xx_driverlib.lib</file>
         <name>sysctl_a.o</name>
      </input_file>
      <input_file id="fl-1f">
         <path>C:\ti\simplelink_msp432p4_sdk_3_40_01_02\source\ti\devices\msp432p4xx\driverlib\ccs\</path>
         <kind>archive</kind>
         <file>msp432p4xx_driverlib.lib</file>
         <name>cpu.o</name>
      </input_file>
      <input_file id="fl-d5">
         <path>C:\ti\ccs1020\ccs\tools\compiler\ti-cgt-arm_20.2.4.LTS\lib\</path>
         <kind>archive</kind>
         <file>rtsv7M4_T_le_v4SPD16_eabi.lib</file>
         <name>sprintf.c.obj</name>
      </input_file>
      <input_file id="fl-d6">
         <path>C:\ti\ccs1020\ccs\tools\compiler\ti-cgt-arm_20.2.4.LTS\lib\</path>
         <kind>archive</kind>
         <file>rtsv7M4_T_le_v4SPD16_eabi.lib</file>
         <name>sscanf.c.obj</name>
      </input_file>
      <input_file id="fl-d7">
         <path>C:\ti\ccs1020\ccs\tools\compiler\ti-cgt-arm_20.2.4.LTS\lib\</path>
         <kind>archive</kind>
         <file>rtsv7M4_T_le_v4SPD16_eabi.lib</file>
         <name>memset_t2.asm.obj</name>
      </input_file>
      <input_file id="fl-d8">
         <path>C:\ti\ccs1020\ccs\tools\compiler\ti-cgt-arm_20.2.4.LTS\lib\</path>
         <kind>archive</kind>
         <file>rtsv7M4_T_le_v4SPD16_eabi.lib</file>
         <name>fd_cmp_t2.asm.obj</name>
      </input_file>
      <input_file id="fl-d9">
         <path>C:\ti\ccs1020\ccs\tools\compiler\ti-cgt-arm_20.2.4.LTS\lib\</path>
         <kind>archive</kind>
         <file>rtsv7M4_T_le_v4SPD16_eabi.lib</file>
         <name>fd_div_t2.asm.obj</name>
      </input_file>
      <input_file id="fl-da">
         <path>C:\ti\ccs1020\ccs\tools\compiler\ti-cgt-arm_20.2.4.LTS\lib\</path>
         <kind>archive</kind>
         <file>rtsv7M4_T_le_v4SPD16_eabi.lib</file>
         <name>fd_mul_t2.asm.obj</name>
      </input_file>
      <input_file id="fl-db">
         <path>C:\ti\ccs1020\ccs\tools\compiler\ti-cgt-arm_20.2.4.LTS\lib\</path>
         <kind>archive</kind>
         <file>rtsv7M4_T_le_v4SPD16_eabi.lib</file>
         <name>fd_tos_t2.asm.obj</name>
      </input_file>
      <input_file id="fl-dc">
         <path>C:\ti\ccs1020\ccs\tools\compiler\ti-cgt-arm_20.2.4.LTS\lib\</path>
         <kind>archive</kind>
         <file>rtsv7M4_T_le_v4SPD16_eabi.lib</file>
         <name>fs_tod_t2.asm.obj</name>
      </input_file>
      <input_file id="fl-dd">
         <path>C:\ti\ccs1020\ccs\tools\compiler\ti-cgt-arm_20.2.4.LTS\lib\</path>
         <kind>archive</kind>
         <file>rtsv7M4_T_le_v4SPD16_eabi.lib</file>
         <name>memcpy_t2.asm.obj</name>
      </input_file>
      <input_file id="fl-de">
         <path>C:\ti\ccs1020\ccs\tools\compiler\ti-cgt-arm_20.2.4.LTS\lib\</path>
         <kind>archive</kind>
         <file>rtsv7M4_T_le_v4SPD16_eabi.lib</file>
         <name>u_tofd_t2.asm.obj</name>
      </input_file>
      <input_file id="fl-df">
         <path>C:\ti\ccs1020\ccs\tools\compiler\ti-cgt-arm_20.2.4.LTS\lib\</path>
         <kind>archive</kind>
         <file>rtsv7M4_T_le_v4SPD16_eabi.lib</file>
         <name>copy_zero_init.c.obj</name>
      </input_file>
      <input_file id="fl-e0">
         <path>C:\ti\ccs1020\ccs\tools\compiler\ti-cgt-arm_20.2.4.LTS\lib\</path>
         <kind>archive</kind>
         <file>rtsv7M4_T_le_v4SPD16_eabi.lib</file>
         <name>copy_decompress_none.c.obj</name>
      </input_file>
      <input_file id="fl-e1">
         <path>C:\ti\ccs1020\ccs\tools\compiler\ti-cgt-arm_20.2.4.LTS\lib\</path>
         <kind>archive</kind>
         <file>rtsv7M4_T_le_v4SPD16_eabi.lib</file>
         <name>copy_decompress_lzss.c.obj</name>
      </input_file>
      <input_file id="fl-e2">
         <path>C:\ti\ccs1020\ccs\tools\compiler\ti-cgt-arm_20.2.4.LTS\lib\</path>
         <kind>archive</kind>
         <file>rtsv7M4_T_le_v4SPD16_eabi.lib</file>
         <name>assert.c.obj</name>
      </input_file>
      <input_file id="fl-e3">
         <path>C:\ti\ccs1020\ccs\tools\compiler\ti-cgt-arm_20.2.4.LTS\lib\</path>
         <kind>archive</kind>
         <file>rtsv7M4_T_le_v4SPD16_eabi.lib</file>
         <name>ctype.c.obj</name>
      </input_file>
      <input_file id="fl-e4">
         <path>C:\ti\ccs1020\ccs\tools\compiler\ti-cgt-arm_20.2.4.LTS\lib\</path>
         <kind>archive</kind>
         <file>rtsv7M4_T_le_v4SPD16_eabi.lib</file>
         <name>defs.c.obj</name>
      </input_file>
      <input_file id="fl-e5">
         <path>C:\ti\ccs1020\ccs\tools\compiler\ti-cgt-arm_20.2.4.LTS\lib\</path>
         <kind>archive</kind>
         <file>rtsv7M4_T_le_v4SPD16_eabi.lib</file>
         <name>strcmp.c.obj</name>
      </input_file>
      <input_file id="fl-e6">
         <path>C:\ti\ccs1020\ccs\tools\compiler\ti-cgt-arm_20.2.4.LTS\lib\</path>
         <kind>archive</kind>
         <file>rtsv7M4_T_le_v4SPD16_eabi.lib</file>
         <name>strcpy.c.obj</name>
      </input_file>
      <input_file id="fl-e7">
         <path>C:\ti\ccs1020\ccs\tools\compiler\ti-cgt-arm_20.2.4.LTS\lib\</path>
         <kind>archive</kind>
         <file>rtsv7M4_T_le_v4SPD16_eabi.lib</file>
         <name>boot_cortex_m.c.obj</name>
      </input_file>
      <input_file id="fl-e8">
         <path>C:\ti\ccs1020\ccs\tools\compiler\ti-cgt-arm_20.2.4.LTS\lib\</path>
         <kind>archive</kind>
         <file>rtsv7M4_T_le_v4SPD16_eabi.lib</file>
         <name>_printfi.c.obj</name>
      </input_file>
      <input_file id="fl-e9">
         <path>C:\ti\ccs1020\ccs\tools\compiler\ti-cgt-arm_20.2.4.LTS\lib\</path>
         <kind>archive</kind>
         <file>rtsv7M4_T_le_v4SPD16_eabi.lib</file>
         <name>_scanfi.c.obj</name>
      </input_file>
      <input_file id="fl-ea">
         <path>C:\ti\ccs1020\ccs\tools\compiler\ti-cgt-arm_20.2.4.LTS\lib\</path>
         <kind>archive</kind>
         <file>rtsv7M4_T_le_v4SPD16_eabi.lib</file>
         <name>fflush.c.obj</name>
      </input_file>
      <input_file id="fl-eb">
         <path>C:\ti\ccs1020\ccs\tools\compiler\ti-cgt-arm_20.2.4.LTS\lib\</path>
         <kind>archive</kind>
         <file>rtsv7M4_T_le_v4SPD16_eabi.lib</file>
         <name>fputs.c.obj</name>
      </input_file>
      <input_file id="fl-ec">
         <path>C:\ti\ccs1020\ccs\tools\compiler\ti-cgt-arm_20.2.4.LTS\lib\</path>
         <kind>archive</kind>
         <file>rtsv7M4_T_le_v4SPD16_eabi.lib</file>
         <name>_io_perm.c.obj</name>
      </input_file>
      <input_file id="fl-ed">
         <path>C:\ti\ccs1020\ccs\tools\compiler\ti-cgt-arm_20.2.4.LTS\lib\</path>
         <kind>archive</kind>
         <file>rtsv7M4_T_le_v4SPD16_eabi.lib</file>
         <name>setvbuf.c.obj</name>
      </input_file>
      <input_file id="fl-ee">
         <path>C:\ti\ccs1020\ccs\tools\compiler\ti-cgt-arm_20.2.4.LTS\lib\</path>
         <kind>archive</kind>
         <file>rtsv7M4_T_le_v4SPD16_eabi.lib</file>
         <name>s_frexp.c.obj</name>
      </input_file>
      <input_file id="fl-ef">
         <path>C:\ti\ccs1020\ccs\tools\compiler\ti-cgt-arm_20.2.4.LTS\lib\</path>
         <kind>archive</kind>
         <file>rtsv7M4_T_le_v4SPD16_eabi.lib</file>
         <name>s_scalbn.c.obj</name>
      </input_file>
      <input_file id="fl-f0">
         <path>C:\ti\ccs1020\ccs\tools\compiler\ti-cgt-arm_20.2.4.LTS\lib\</path>
         <kind>archive</kind>
         <file>rtsv7M4_T_le_v4SPD16_eabi.lib</file>
         <name>s_copysign.c.obj</name>
      </input_file>
      <input_file id="fl-f1">
         <path>C:\ti\ccs1020\ccs\tools\compiler\ti-cgt-arm_20.2.4.LTS\lib\</path>
         <kind>archive</kind>
         <file>rtsv7M4_T_le_v4SPD16_eabi.lib</file>
         <name>ull_div_t2.asm.obj</name>
      </input_file>
      <input_file id="fl-f2">
         <path>C:\ti\ccs1020\ccs\tools\compiler\ti-cgt-arm_20.2.4.LTS\lib\</path>
         <kind>archive</kind>
         <file>rtsv7M4_T_le_v4SPD16_eabi.lib</file>
         <name>fd_add_t2.asm.obj</name>
      </input_file>
      <input_file id="fl-f3">
         <path>C:\ti\ccs1020\ccs\tools\compiler\ti-cgt-arm_20.2.4.LTS\lib\</path>
         <kind>archive</kind>
         <file>rtsv7M4_T_le_v4SPD16_eabi.lib</file>
         <name>fd_toi_t2.asm.obj</name>
      </input_file>
      <input_file id="fl-f4">
         <path>C:\ti\ccs1020\ccs\tools\compiler\ti-cgt-arm_20.2.4.LTS\lib\</path>
         <kind>archive</kind>
         <file>rtsv7M4_T_le_v4SPD16_eabi.lib</file>
         <name>i_tofd_t2.asm.obj</name>
      </input_file>
      <input_file id="fl-f5">
         <path>C:\ti\ccs1020\ccs\tools\compiler\ti-cgt-arm_20.2.4.LTS\lib\</path>
         <kind>archive</kind>
         <file>rtsv7M4_T_le_v4SPD16_eabi.lib</file>
         <name>autoinit.c.obj</name>
      </input_file>
      <input_file id="fl-f6">
         <path>C:\ti\ccs1020\ccs\tools\compiler\ti-cgt-arm_20.2.4.LTS\lib\</path>
         <kind>archive</kind>
         <file>rtsv7M4_T_le_v4SPD16_eabi.lib</file>
         <name>pre_init.c.obj</name>
      </input_file>
      <input_file id="fl-f7">
         <path>C:\ti\ccs1020\ccs\tools\compiler\ti-cgt-arm_20.2.4.LTS\lib\</path>
         <kind>archive</kind>
         <file>rtsv7M4_T_le_v4SPD16_eabi.lib</file>
         <name>cpy_tbl.c.obj</name>
      </input_file>
      <input_file id="fl-f8">
         <path>C:\ti\ccs1020\ccs\tools\compiler\ti-cgt-arm_20.2.4.LTS\lib\</path>
         <kind>archive</kind>
         <file>rtsv7M4_T_le_v4SPD16_eabi.lib</file>
         <name>exit.c.obj</name>
      </input_file>
      <input_file id="fl-f9">
         <path>C:\ti\ccs1020\ccs\tools\compiler\ti-cgt-arm_20.2.4.LTS\lib\</path>
         <kind>archive</kind>
         <file>rtsv7M4_T_le_v4SPD16_eabi.lib</file>
         <name>_lock.c.obj</name>
      </input_file>
      <input_file id="fl-fa">
         <path>C:\ti\ccs1020\ccs\tools\compiler\ti-cgt-arm_20.2.4.LTS\lib\</path>
         <kind>archive</kind>
         <file>rtsv7M4_T_le_v4SPD16_eabi.lib</file>
         <name>_ltoa.c.obj</name>
      </input_file>
      <input_file id="fl-fb">
         <path>C:\ti\ccs1020\ccs\tools\compiler\ti-cgt-arm_20.2.4.LTS\lib\</path>
         <kind>archive</kind>
         <file>rtsv7M4_T_le_v4SPD16_eabi.lib</file>
         <name>args_main.c.obj</name>
      </input_file>
      <input_file id="fl-fc">
         <path>C:\ti\ccs1020\ccs\tools\compiler\ti-cgt-arm_20.2.4.LTS\lib\</path>
         <kind>archive</kind>
         <file>rtsv7M4_T_le_v4SPD16_eabi.lib</file>
         <name>atoi.c.obj</name>
      </input_file>
      <input_file id="fl-fd">
         <path>C:\ti\ccs1020\ccs\tools\compiler\ti-cgt-arm_20.2.4.LTS\lib\</path>
         <kind>archive</kind>
         <file>rtsv7M4_T_le_v4SPD16_eabi.lib</file>
         <name>memccpy.c.obj</name>
      </input_file>
      <input_file id="fl-fe">
         <path>C:\ti\ccs1020\ccs\tools\compiler\ti-cgt-arm_20.2.4.LTS\lib\</path>
         <kind>archive</kind>
         <file>rtsv7M4_T_le_v4SPD16_eabi.lib</file>
         <name>memchr.c.obj</name>
      </input_file>
      <input_file id="fl-ff">
         <path>C:\ti\ccs1020\ccs\tools\compiler\ti-cgt-arm_20.2.4.LTS\lib\</path>
         <kind>archive</kind>
         <file>rtsv7M4_T_le_v4SPD16_eabi.lib</file>
         <name>memory.c.obj</name>
      </input_file>
      <input_file id="fl-100">
         <path>C:\ti\ccs1020\ccs\tools\compiler\ti-cgt-arm_20.2.4.LTS\lib\</path>
         <kind>archive</kind>
         <file>rtsv7M4_T_le_v4SPD16_eabi.lib</file>
         <name>strchr.c.obj</name>
      </input_file>
      <input_file id="fl-101">
         <path>C:\ti\ccs1020\ccs\tools\compiler\ti-cgt-arm_20.2.4.LTS\lib\</path>
         <kind>archive</kind>
         <file>rtsv7M4_T_le_v4SPD16_eabi.lib</file>
         <name>strlen.c.obj</name>
      </input_file>
      <input_file id="fl-102">
         <path>C:\ti\ccs1020\ccs\tools\compiler\ti-cgt-arm_20.2.4.LTS\lib\</path>
         <kind>archive</kind>
         <file>rtsv7M4_T_le_v4SPD16_eabi.lib</file>
         <name>strrchr.c.obj</name>
      </input_file>
      <input_file id="fl-103">
         <path>C:\ti\ccs1020\ccs\tools\compiler\ti-cgt-arm_20.2.4.LTS\lib\</path>
         <kind>archive</kind>
         <file>rtsv7M4_T_le_v4SPD16_eabi.lib</file>
         <name>strtod.c.obj</name>
      </input_file>
      <input_file id="fl-104">
         <path>C:\ti\ccs1020\ccs\tools\compiler\ti-cgt-arm_20.2.4.LTS\lib\</path>
         <kind>archive</kind>
         <file>rtsv7M4_T_le_v4SPD16_eabi.lib</file>
         <name>strtol.c.obj</name>
      </input_file>
      <input_file id="fl-105">
         <path>C:\ti\ccs1020\ccs\tools\compiler\ti-cgt-arm_20.2.4.LTS\lib\</path>
         <kind>archive</kind>
         <file>rtsv7M4_T_le_v4SPD16_eabi.lib</file>
         <name>strtoll.c.obj</name>
      </input_file>
      <input_file id="fl-106">
         <path>C:\ti\ccs1020\ccs\tools\compiler\ti-cgt-arm_20.2.4.LTS\lib\</path>
         <kind>archive</kind>
         <file>rtsv7M4_T_le_v4SPD16_eabi.lib</file>
         <name>strtoul.c.obj</name>
      </input_file>
      <input_file id="fl-107">
         <path>C:\ti\ccs1020\ccs\tools\compiler\ti-cgt-arm_20.2.4.LTS\lib\</path>
         <kind>archive</kind>
         <file>rtsv7M4_T_le_v4SPD16_eabi.lib</file>
         <name>strtoull.c.obj</name>
      </input_file>
      <input_file id="fl-108">
         <path>C:\ti\ccs1020\ccs\tools\compiler\ti-cgt-arm_20.2.4.LTS\lib\</path>
         <kind>archive</kind>
         <file>rtsv7M4_T_le_v4SPD16_eabi.lib</file>
         <name>errno.c.obj</name>
      </input_file>
      <input_file id="fl-109">
         <path>C:\ti\ccs1020\ccs\tools\compiler\ti-cgt-arm_20.2.4.LTS\lib\</path>
         <kind>archive</kind>
         <file>rtsv7M4_T_le_v4SPD16_eabi.lib</file>
         <name>write.c.obj</name>
      </input_file>
      <input_file id="fl-10a">
         <path>C:\ti\ccs1020\ccs\tools\compiler\ti-cgt-arm_20.2.4.LTS\lib\</path>
         <kind>archive</kind>
         <file>rtsv7M4_T_le_v4SPD16_eabi.lib</file>
         <name>host_device.c.obj</name>
      </input_file>
      <input_file id="fl-10b">
         <path>C:\ti\ccs1020\ccs\tools\compiler\ti-cgt-arm_20.2.4.LTS\lib\</path>
         <kind>archive</kind>
         <file>rtsv7M4_T_le_v4SPD16_eabi.lib</file>
         <name>wcslen.c.obj</name>
      </input_file>
      <input_file id="fl-10c">
         <path>C:\ti\ccs1020\ccs\tools\compiler\ti-cgt-arm_20.2.4.LTS\lib\</path>
         <kind>archive</kind>
         <file>rtsv7M4_T_le_v4SPD16_eabi.lib</file>
         <name>fopen.c.obj</name>
      </input_file>
      <input_file id="fl-10d">
         <path>C:\ti\ccs1020\ccs\tools\compiler\ti-cgt-arm_20.2.4.LTS\lib\</path>
         <kind>archive</kind>
         <file>rtsv7M4_T_le_v4SPD16_eabi.lib</file>
         <name>fseek.c.obj</name>
      </input_file>
      <input_file id="fl-10e">
         <path>C:\ti\ccs1020\ccs\tools\compiler\ti-cgt-arm_20.2.4.LTS\lib\</path>
         <kind>archive</kind>
         <file>rtsv7M4_T_le_v4SPD16_eabi.lib</file>
         <name>div0.asm.obj</name>
      </input_file>
      <input_file id="fl-10f">
         <path>C:\ti\ccs1020\ccs\tools\compiler\ti-cgt-arm_20.2.4.LTS\lib\</path>
         <kind>archive</kind>
         <file>rtsv7M4_T_le_v4SPD16_eabi.lib</file>
         <name>ll_mul_t2.asm.obj</name>
      </input_file>
      <input_file id="fl-110">
         <path>C:\ti\ccs1020\ccs\tools\compiler\ti-cgt-arm_20.2.4.LTS\lib\</path>
         <kind>archive</kind>
         <file>rtsv7M4_T_le_v4SPD16_eabi.lib</file>
         <name>hostclose.c.obj</name>
      </input_file>
      <input_file id="fl-111">
         <path>C:\ti\ccs1020\ccs\tools\compiler\ti-cgt-arm_20.2.4.LTS\lib\</path>
         <kind>archive</kind>
         <file>rtsv7M4_T_le_v4SPD16_eabi.lib</file>
         <name>hostlseek.c.obj</name>
      </input_file>
      <input_file id="fl-112">
         <path>C:\ti\ccs1020\ccs\tools\compiler\ti-cgt-arm_20.2.4.LTS\lib\</path>
         <kind>archive</kind>
         <file>rtsv7M4_T_le_v4SPD16_eabi.lib</file>
         <name>hostopen.c.obj</name>
      </input_file>
      <input_file id="fl-113">
         <path>C:\ti\ccs1020\ccs\tools\compiler\ti-cgt-arm_20.2.4.LTS\lib\</path>
         <kind>archive</kind>
         <file>rtsv7M4_T_le_v4SPD16_eabi.lib</file>
         <name>hostread.c.obj</name>
      </input_file>
      <input_file id="fl-114">
         <path>C:\ti\ccs1020\ccs\tools\compiler\ti-cgt-arm_20.2.4.LTS\lib\</path>
         <kind>archive</kind>
         <file>rtsv7M4_T_le_v4SPD16_eabi.lib</file>
         <name>hostrename.c.obj</name>
      </input_file>
      <input_file id="fl-115">
         <path>C:\ti\ccs1020\ccs\tools\compiler\ti-cgt-arm_20.2.4.LTS\lib\</path>
         <kind>archive</kind>
         <file>rtsv7M4_T_le_v4SPD16_eabi.lib</file>
         <name>hostunlink.c.obj</name>
      </input_file>
      <input_file id="fl-116">
         <path>C:\ti\ccs1020\ccs\tools\compiler\ti-cgt-arm_20.2.4.LTS\lib\</path>
         <kind>archive</kind>
         <file>rtsv7M4_T_le_v4SPD16_eabi.lib</file>
         <name>hostwrite.c.obj</name>
      </input_file>
      <input_file id="fl-117">
         <path>C:\ti\ccs1020\ccs\tools\compiler\ti-cgt-arm_20.2.4.LTS\lib\</path>
         <kind>archive</kind>
         <file>rtsv7M4_T_le_v4SPD16_eabi.lib</file>
         <name>trgmsg.c.obj</name>
      </input_file>
      <input_file id="fl-118">
         <path>C:\ti\ccs1020\ccs\tools\compiler\ti-cgt-arm_20.2.4.LTS\lib\</path>
         <kind>archive</kind>
         <file>rtsv7M4_T_le_v4SPD16_eabi.lib</file>
         <name>open.c.obj</name>
      </input_file>
      <input_file id="fl-119">
         <path>C:\ti\ccs1020\ccs\tools\compiler\ti-cgt-arm_20.2.4.LTS\lib\</path>
         <kind>archive</kind>
         <file>rtsv7M4_T_le_v4SPD16_eabi.lib</file>
         <name>lseek.c.obj</name>
      </input_file>
      <input_file id="fl-11a">
         <path>C:\ti\ccs1020\ccs\tools\compiler\ti-cgt-arm_20.2.4.LTS\lib\</path>
         <kind>archive</kind>
         <file>rtsv7M4_T_le_v4SPD16_eabi.lib</file>
         <name>fclose.c.obj</name>
      </input_file>
      <input_file id="fl-11b">
         <path>C:\ti\ccs1020\ccs\tools\compiler\ti-cgt-arm_20.2.4.LTS\lib\</path>
         <kind>archive</kind>
         <file>rtsv7M4_T_le_v4SPD16_eabi.lib</file>
         <name>getdevice.c.obj</name>
      </input_file>
      <input_file id="fl-11c">
         <path>C:\ti\ccs1020\ccs\tools\compiler\ti-cgt-arm_20.2.4.LTS\lib\</path>
         <kind>archive</kind>
         <file>rtsv7M4_T_le_v4SPD16_eabi.lib</file>
         <name>strncpy.c.obj</name>
      </input_file>
      <input_file id="fl-11d">
         <path>C:\ti\ccs1020\ccs\tools\compiler\ti-cgt-arm_20.2.4.LTS\lib\</path>
         <kind>archive</kind>
         <file>rtsv7M4_T_le_v4SPD16_eabi.lib</file>
         <name>remove.c.obj</name>
      </input_file>
      <input_file id="fl-11e">
         <path>C:\ti\ccs1020\ccs\tools\compiler\ti-cgt-arm_20.2.4.LTS\lib\</path>
         <kind>archive</kind>
         <file>rtsv7M4_T_le_v4SPD16_eabi.lib</file>
         <name>close.c.obj</name>
      </input_file>
      <input_file id="fl-11f">
         <path>C:\ti\ccs1020\ccs\tools\compiler\ti-cgt-arm_20.2.4.LTS\lib\</path>
         <kind>archive</kind>
         <file>rtsv7M4_T_le_v4SPD16_eabi.lib</file>
         <name>unlink.c.obj</name>
      </input_file>
   </input_file_list>
   <object_component_list>
      <object_component id="oc-602">
         <name>.text:__TI_scanfi</name>
         <load_address>0x20</load_address>
         <run_address>0x20</run_address>
         <size>0xaf0</size>
         <input_file_ref idref="fl-e9"/>
      </object_component>
      <object_component id="oc-427">
         <name>.text:__TI_printfi</name>
         <load_address>0xb10</load_address>
         <run_address>0xb10</run_address>
         <size>0xa4e</size>
         <input_file_ref idref="fl-e8"/>
      </object_component>
      <object_component id="oc-5e">
         <name>.text:Default_Handler</name>
         <load_address>0x155e</load_address>
         <run_address>0x155e</run_address>
         <size>0x2</size>
         <input_file_ref idref="fl-2"/>
      </object_component>
      <object_component id="oc-6b7">
         <name>.text:strtod</name>
         <load_address>0x1560</load_address>
         <run_address>0x1560</run_address>
         <size>0x460</size>
         <input_file_ref idref="fl-103"/>
      </object_component>
      <object_component id="oc-4ff">
         <name>.text:_pconv_a</name>
         <load_address>0x19c0</load_address>
         <run_address>0x19c0</run_address>
         <size>0x270</size>
         <input_file_ref idref="fl-e8"/>
      </object_component>
      <object_component id="oc-26f">
         <name>.text:read_tprh</name>
         <load_address>0x1c30</load_address>
         <run_address>0x1c30</run_address>
         <size>0x1ec</size>
         <input_file_ref idref="fl-6"/>
      </object_component>
      <object_component id="oc-6c3">
         <name>.text:strtoll</name>
         <load_address>0x1e1c</load_address>
         <run_address>0x1e1c</run_address>
         <size>0x1dc</size>
         <input_file_ref idref="fl-105"/>
      </object_component>
      <object_component id="oc-4ed">
         <name>.text:_pconv_g</name>
         <load_address>0x1ff8</load_address>
         <run_address>0x1ff8</run_address>
         <size>0x1d0</size>
         <input_file_ref idref="fl-e8"/>
      </object_component>
      <object_component id="oc-5ae">
         <name>.text</name>
         <load_address>0x21c8</load_address>
         <run_address>0x21c8</run_address>
         <size>0x1b6</size>
         <input_file_ref idref="fl-f2"/>
      </object_component>
      <object_component id="oc-386">
         <name>.text:_nop</name>
         <load_address>0x237e</load_address>
         <run_address>0x237e</run_address>
         <size>0x2</size>
         <input_file_ref idref="fl-f9"/>
      </object_component>
      <object_component id="oc-402">
         <name>.text:bme280_get_calib_param</name>
         <load_address>0x2380</load_address>
         <run_address>0x2380</run_address>
         <size>0x1a0</size>
         <input_file_ref idref="fl-7"/>
      </object_component>
      <object_component id="oc-2e5">
         <name>.text:bme280_set_oversamp_humidity</name>
         <load_address>0x2520</load_address>
         <run_address>0x2520</run_address>
         <size>0x198</size>
         <input_file_ref idref="fl-7"/>
      </object_component>
      <object_component id="oc-25d">
         <name>.text:bme280_set_power_mode</name>
         <load_address>0x26b8</load_address>
         <run_address>0x26b8</run_address>
         <size>0x174</size>
         <input_file_ref idref="fl-7"/>
      </object_component>
      <object_component id="oc-2f1">
         <name>.text:bme280_set_oversamp_temperature</name>
         <load_address>0x282c</load_address>
         <run_address>0x282c</run_address>
         <size>0x16c</size>
         <input_file_ref idref="fl-7"/>
      </object_component>
      <object_component id="oc-2f7">
         <name>.text:bme280_set_standby_durn</name>
         <load_address>0x2998</load_address>
         <run_address>0x2998</run_address>
         <size>0x164</size>
         <input_file_ref idref="fl-7"/>
      </object_component>
      <object_component id="oc-6ab">
         <name>.text:strtoull</name>
         <load_address>0x2afc</load_address>
         <run_address>0x2afc</run_address>
         <size>0x15c</size>
         <input_file_ref idref="fl-107"/>
      </object_component>
      <object_component id="oc-2eb">
         <name>.text:bme280_set_oversamp_pressure</name>
         <load_address>0x2c58</load_address>
         <run_address>0x2c58</run_address>
         <size>0x158</size>
         <input_file_ref idref="fl-7"/>
      </object_component>
      <object_component id="oc-44c">
         <name>.text:process_cmd</name>
         <load_address>0x2db0</load_address>
         <run_address>0x2db0</run_address>
         <size>0x158</size>
         <input_file_ref idref="fl-a"/>
      </object_component>
      <object_component id="oc-363">
         <name>.text:manage_cli</name>
         <load_address>0x2f08</load_address>
         <run_address>0x2f08</run_address>
         <size>0x150</size>
         <input_file_ref idref="fl-a"/>
      </object_component>
      <object_component id="oc-155">
         <name>.text:Application_mode</name>
         <load_address>0x3058</load_address>
         <run_address>0x3058</run_address>
         <size>0x148</size>
         <input_file_ref idref="fl-6"/>
      </object_component>
      <object_component id="oc-ca">
         <name>.text:cbfifo_dequeue</name>
         <load_address>0x31a0</load_address>
         <run_address>0x31a0</run_address>
         <size>0x148</size>
         <input_file_ref idref="fl-9"/>
      </object_component>
      <object_component id="oc-4f9">
         <name>.text:_pconv_e</name>
         <load_address>0x32e8</load_address>
         <run_address>0x32e8</run_address>
         <size>0x13c</size>
         <input_file_ref idref="fl-e8"/>
      </object_component>
      <object_component id="oc-4cb">
         <name>.text:readI2C</name>
         <load_address>0x3424</load_address>
         <run_address>0x3424</run_address>
         <size>0x138</size>
         <input_file_ref idref="fl-c"/>
      </object_component>
      <object_component id="oc-374">
         <name>.text</name>
         <load_address>0x355c</load_address>
         <run_address>0x355c</run_address>
         <size>0x136</size>
         <input_file_ref idref="fl-d9"/>
      </object_component>
      <object_component id="oc-676">
         <name>.text</name>
         <load_address>0x3692</load_address>
         <run_address>0x3692</run_address>
         <size>0x2</size>
         <input_file_ref idref="fl-10e"/>
      </object_component>
      <object_component id="oc-321">
         <name>.text:bme280_compensate_pressure_int32</name>
         <load_address>0x3694</load_address>
         <run_address>0x3694</run_address>
         <size>0x130</size>
         <input_file_ref idref="fl-7"/>
      </object_component>
      <object_component id="oc-6bd">
         <name>.text:strtol</name>
         <load_address>0x37c4</load_address>
         <run_address>0x37c4</run_address>
         <size>0x130</size>
         <input_file_ref idref="fl-104"/>
      </object_component>
      <object_component id="oc-5c0">
         <name>.text:fcvt</name>
         <load_address>0x38f4</load_address>
         <run_address>0x38f4</run_address>
         <size>0x124</size>
         <input_file_ref idref="fl-e8"/>
      </object_component>
      <object_component id="oc-3a7">
         <name>.text:fputs</name>
         <load_address>0x3a18</load_address>
         <run_address>0x3a18</run_address>
         <size>0x114</size>
         <input_file_ref idref="fl-eb"/>
      </object_component>
      <object_component id="oc-5d4">
         <name>.text:scalbn</name>
         <load_address>0x3b2c</load_address>
         <run_address>0x3b2c</run_address>
         <size>0x110</size>
         <input_file_ref idref="fl-ef"/>
      </object_component>
      <object_component id="oc-6b1">
         <name>.text:strtoul</name>
         <load_address>0x3c3c</load_address>
         <run_address>0x3c3c</run_address>
         <size>0x110</size>
         <input_file_ref idref="fl-106"/>
      </object_component>
      <object_component id="oc-6a">
         <name>.text:EUSCIA0_IRQHandler</name>
         <load_address>0x3d4c</load_address>
         <run_address>0x3d4c</run_address>
         <size>0x108</size>
         <input_file_ref idref="fl-4"/>
      </object_component>
      <object_component id="oc-2c7">
         <name>.text:_CSComputeCLKFrequency</name>
         <load_address>0x3e54</load_address>
         <run_address>0x3e54</run_address>
         <size>0x104</size>
         <input_file_ref idref="fl-1a"/>
      </object_component>
      <object_component id="oc-6f3">
         <name>.text:aligned_alloc</name>
         <load_address>0x3f58</load_address>
         <run_address>0x3f58</run_address>
         <size>0x100</size>
         <input_file_ref idref="fl-ff"/>
      </object_component>
      <object_component id="oc-36f">
         <name>.text</name>
         <load_address>0x4058</load_address>
         <run_address>0x4058</run_address>
         <size>0xfc</size>
         <input_file_ref idref="fl-da"/>
      </object_component>
      <object_component id="oc-3e5">
         <name>.text:CS_getDCOFrequency</name>
         <load_address>0x4154</load_address>
         <run_address>0x4154</run_address>
         <size>0xf8</size>
         <input_file_ref idref="fl-1a"/>
      </object_component>
      <object_component id="oc-70">
         <name>.text:EUSCIA2_IRQHandler</name>
         <load_address>0x424c</load_address>
         <run_address>0x424c</run_address>
         <size>0xf4</size>
         <input_file_ref idref="fl-5"/>
      </object_component>
      <object_component id="oc-257">
         <name>.text:bme280_data_readout_template</name>
         <load_address>0x4340</load_address>
         <run_address>0x4340</run_address>
         <size>0xf0</size>
         <input_file_ref idref="fl-8"/>
      </object_component>
      <object_component id="oc-76">
         <name>.text:EUSCIB1_IRQHandler</name>
         <load_address>0x4430</load_address>
         <run_address>0x4430</run_address>
         <size>0xec</size>
         <input_file_ref idref="fl-c"/>
      </object_component>
      <object_component id="oc-4c4">
         <name>.text:writeI2C</name>
         <load_address>0x451c</load_address>
         <run_address>0x451c</run_address>
         <size>0xe8</size>
         <input_file_ref idref="fl-c"/>
      </object_component>
      <object_component id="oc-2b2">
         <name>.text:CS_startHFXTWithTimeout</name>
         <load_address>0x4604</load_address>
         <run_address>0x4604</run_address>
         <size>0xe4</size>
         <input_file_ref idref="fl-1a"/>
      </object_component>
      <object_component id="oc-63c">
         <name>.text:free</name>
         <load_address>0x46e8</load_address>
         <run_address>0x46e8</run_address>
         <size>0xe4</size>
         <input_file_ref idref="fl-ff"/>
      </object_component>
      <object_component id="oc-2b9">
         <name>.text:CS_startLFXTWithTimeout</name>
         <load_address>0x47cc</load_address>
         <run_address>0x47cc</run_address>
         <size>0xe0</size>
         <input_file_ref idref="fl-1a"/>
      </object_component>
      <object_component id="oc-3cb">
         <name>.text:_CSGetHFXTFrequency</name>
         <load_address>0x48ac</load_address>
         <run_address>0x48ac</run_address>
         <size>0xdc</size>
         <input_file_ref idref="fl-1a"/>
      </object_component>
      <object_component id="oc-559">
         <name>.text:setvbuf</name>
         <load_address>0x4988</load_address>
         <run_address>0x4988</run_address>
         <size>0xdc</size>
         <input_file_ref idref="fl-ed"/>
      </object_component>
      <object_component id="oc-327">
         <name>.text:bme280_compensate_humidity_int32</name>
         <load_address>0x4a64</load_address>
         <run_address>0x4a64</run_address>
         <size>0xbc</size>
         <input_file_ref idref="fl-7"/>
      </object_component>
      <object_component id="oc-c4">
         <name>.text:cbfifo_enqueue</name>
         <load_address>0x4b20</load_address>
         <run_address>0x4b20</run_address>
         <size>0xbc</size>
         <input_file_ref idref="fl-9"/>
      </object_component>
      <object_component id="oc-131">
         <name>.text:setSystemClock</name>
         <load_address>0x4bdc</load_address>
         <run_address>0x4bdc</run_address>
         <size>0xb4</size>
         <input_file_ref idref="fl-e"/>
      </object_component>
      <object_component id="oc-4e2">
         <name>.text:_ltostr</name>
         <load_address>0x4c90</load_address>
         <run_address>0x4c90</run_address>
         <size>0xb1</size>
         <input_file_ref idref="fl-e8"/>
      </object_component>
      <object_component id="oc-263">
         <name>.text:print_rtc_time</name>
         <load_address>0x4d44</load_address>
         <run_address>0x4d44</run_address>
         <size>0xb0</size>
         <input_file_ref idref="fl-3"/>
      </object_component>
      <object_component id="oc-28">
         <name>.text</name>
         <load_address>0x4df4</load_address>
         <run_address>0x4df4</run_address>
         <size>0x9c</size>
         <input_file_ref idref="fl-dd"/>
      </object_component>
      <object_component id="oc-315">
         <name>.text:bme280_read_uncomp_pressure_temperature_humidity</name>
         <load_address>0x4e90</load_address>
         <run_address>0x4e90</run_address>
         <size>0x98</size>
         <input_file_ref idref="fl-7"/>
      </object_component>
      <object_component id="oc-592">
         <name>.text</name>
         <load_address>0x4f28</load_address>
         <run_address>0x4f28</run_address>
         <size>0x96</size>
         <input_file_ref idref="fl-f1"/>
      </object_component>
      <object_component id="oc-137">
         <name>.text:Init_UART0</name>
         <load_address>0x4fc0</load_address>
         <run_address>0x4fc0</run_address>
         <size>0x94</size>
         <input_file_ref idref="fl-4"/>
      </object_component>
      <object_component id="oc-4a6">
         <name>.text:SysCtl_A_getTLVInfo</name>
         <load_address>0x5054</load_address>
         <run_address>0x5054</run_address>
         <size>0x94</size>
         <input_file_ref idref="fl-1e"/>
      </object_component>
      <object_component id="oc-24d">
         <name>.text:GPIO_setAsPeripheralModuleFunctionOutputPin</name>
         <load_address>0x50e8</load_address>
         <run_address>0x50e8</run_address>
         <size>0x88</size>
         <input_file_ref idref="fl-1b"/>
      </object_component>
      <object_component id="oc-4e8">
         <name>.text:__aeabi_cdcmple</name>
         <load_address>0x5170</load_address>
         <run_address>0x5170</run_address>
         <size>0x86</size>
         <input_file_ref idref="fl-d8"/>
      </object_component>
      <object_component id="oc-599">
         <name>.text:__aeabi_cdrcmple</name>
         <load_address>0x51f6</load_address>
         <run_address>0x51f6</run_address>
         <size>0x86</size>
         <input_file_ref idref="fl-d8"/>
      </object_component>
      <object_component id="oc-13d">
         <name>.text:Init_UART2</name>
         <load_address>0x527c</load_address>
         <run_address>0x527c</run_address>
         <size>0x80</size>
         <input_file_ref idref="fl-5"/>
      </object_component>
      <object_component id="oc-4ac">
         <name>.text:_CSGetDOCFrequency</name>
         <load_address>0x52fc</load_address>
         <run_address>0x52fc</run_address>
         <size>0x7c</size>
         <input_file_ref idref="fl-1a"/>
      </object_component>
      <object_component id="oc-31b">
         <name>.text:bme280_compensate_temperature_int32</name>
         <load_address>0x5378</load_address>
         <run_address>0x5378</run_address>
         <size>0x7c</size>
         <input_file_ref idref="fl-7"/>
      </object_component>
      <object_component id="oc-3ad">
         <name>.text:fflush</name>
         <load_address>0x53f4</load_address>
         <run_address>0x53f4</run_address>
         <size>0x7c</size>
         <input_file_ref idref="fl-ea"/>
      </object_component>
      <object_component id="oc-a6">
         <name>.text:main</name>
         <load_address>0x5470</load_address>
         <run_address>0x5470</run_address>
         <size>0x7c</size>
         <input_file_ref idref="fl-d"/>
      </object_component>
      <object_component id="oc-9a">
         <name>.text</name>
         <load_address>0x54ec</load_address>
         <run_address>0x54ec</run_address>
         <size>0x7a</size>
         <input_file_ref idref="fl-d7"/>
      </object_component>
      <object_component id="oc-b8">
         <name>.text:SystemInit</name>
         <load_address>0x5568</load_address>
         <run_address>0x5568</run_address>
         <size>0x78</size>
         <input_file_ref idref="fl-f"/>
      </object_component>
      <object_component id="oc-6fa">
         <name>.text:__TI_closefile</name>
         <load_address>0x55e0</load_address>
         <run_address>0x55e0</run_address>
         <size>0x74</size>
         <input_file_ref idref="fl-11a"/>
      </object_component>
      <object_component id="oc-760">
         <name>.text:split</name>
         <load_address>0x5654</load_address>
         <run_address>0x5654</run_address>
         <size>0x70</size>
         <input_file_ref idref="fl-ff"/>
      </object_component>
      <object_component id="oc-5b9">
         <name>.text:_mcpy</name>
         <load_address>0x56c4</load_address>
         <run_address>0x56c4</run_address>
         <size>0x6e</size>
         <input_file_ref idref="fl-e8"/>
      </object_component>
      <object_component id="oc-379">
         <name>.text</name>
         <load_address>0x5732</load_address>
         <run_address>0x5732</run_address>
         <size>0x6e</size>
         <input_file_ref idref="fl-db"/>
      </object_component>
      <object_component id="oc-727">
         <name>.text:HOSTrename</name>
         <load_address>0x57a0</load_address>
         <run_address>0x57a0</run_address>
         <size>0x6c</size>
         <input_file_ref idref="fl-114"/>
      </object_component>
      <object_component id="oc-71b">
         <name>.text:HOSTlseek</name>
         <load_address>0x580c</load_address>
         <run_address>0x580c</run_address>
         <size>0x68</size>
         <input_file_ref idref="fl-111"/>
      </object_component>
      <object_component id="oc-57d">
         <name>.text:I2C_masterSendMultiByteStart</name>
         <load_address>0x5874</load_address>
         <run_address>0x5874</run_address>
         <size>0x68</size>
         <input_file_ref idref="fl-1c"/>
      </object_component>
      <object_component id="oc-614">
         <name>.text:_chkmbc</name>
         <load_address>0x58dc</load_address>
         <run_address>0x58dc</run_address>
         <size>0x68</size>
         <input_file_ref idref="fl-d6"/>
      </object_component>
      <object_component id="oc-6">
         <name>.text:decompress:lzss:__TI_decompress_lzss</name>
         <load_address>0x5944</load_address>
         <run_address>0x5944</run_address>
         <size>0x68</size>
         <input_file_ref idref="fl-e1"/>
      </object_component>
      <object_component id="oc-32d">
         <name>.text:bme280_read_pressure_temperature_humidity</name>
         <load_address>0x59ac</load_address>
         <run_address>0x59ac</run_address>
         <size>0x64</size>
         <input_file_ref idref="fl-7"/>
      </object_component>
      <object_component id="oc-309">
         <name>.text:bme280_read_uncomp_pressure</name>
         <load_address>0x5a10</load_address>
         <run_address>0x5a10</run_address>
         <size>0x64</size>
         <input_file_ref idref="fl-7"/>
      </object_component>
      <object_component id="oc-303">
         <name>.text:bme280_read_uncomp_temperature</name>
         <load_address>0x5a74</load_address>
         <run_address>0x5a74</run_address>
         <size>0x64</size>
         <input_file_ref idref="fl-7"/>
      </object_component>
      <object_component id="oc-5ce">
         <name>.text:frexp</name>
         <load_address>0x5ad8</load_address>
         <run_address>0x5ad8</run_address>
         <size>0x64</size>
         <input_file_ref idref="fl-ee"/>
      </object_component>
      <object_component id="oc-553">
         <name>.text:fseek</name>
         <load_address>0x5b3c</load_address>
         <run_address>0x5b3c</run_address>
         <size>0x64</size>
         <input_file_ref idref="fl-10d"/>
      </object_component>
      <object_component id="oc-3d9">
         <name>.text:_CSGetDividerValue</name>
         <load_address>0x5ba0</load_address>
         <run_address>0x5ba0</run_address>
         <size>0x62</size>
         <input_file_ref idref="fl-1a"/>
      </object_component>
      <object_component id="oc-46f">
         <name>.text:__TI_wrt_ok</name>
         <load_address>0x5c02</load_address>
         <run_address>0x5c02</run_address>
         <size>0x62</size>
         <input_file_ref idref="fl-ec"/>
      </object_component>
      <object_component id="oc-703">
         <name>.text:HOSTopen</name>
         <load_address>0x5c64</load_address>
         <run_address>0x5c64</run_address>
         <size>0x60</size>
         <input_file_ref idref="fl-112"/>
      </object_component>
      <object_component id="oc-440">
         <name>.text:check_cbfifo_empty</name>
         <load_address>0x5cc4</load_address>
         <run_address>0x5cc4</run_address>
         <size>0x5e</size>
         <input_file_ref idref="fl-9"/>
      </object_component>
      <object_component id="oc-1b8">
         <name>.text:check_cbfifo_full</name>
         <load_address>0x5d24</load_address>
         <run_address>0x5d24</run_address>
         <size>0x5e</size>
         <input_file_ref idref="fl-9"/>
      </object_component>
      <object_component id="oc-149">
         <name>.text:Init_SysTick</name>
         <load_address>0x5d84</load_address>
         <run_address>0x5d84</run_address>
         <size>0x5c</size>
         <input_file_ref idref="fl-10"/>
      </object_component>
      <object_component id="oc-2df">
         <name>.text:bme280_init</name>
         <load_address>0x5de0</load_address>
         <run_address>0x5de0</run_address>
         <size>0x5c</size>
         <input_file_ref idref="fl-7"/>
      </object_component>
      <object_component id="oc-30f">
         <name>.text:bme280_read_uncomp_humidity</name>
         <load_address>0x5e3c</load_address>
         <run_address>0x5e3c</run_address>
         <size>0x5c</size>
         <input_file_ref idref="fl-7"/>
      </object_component>
      <object_component id="oc-767">
         <name>.text:close</name>
         <load_address>0x5e98</load_address>
         <run_address>0x5e98</run_address>
         <size>0x5c</size>
         <input_file_ref idref="fl-11e"/>
      </object_component>
      <object_component id="oc-70f">
         <name>.text:HOSTread</name>
         <load_address>0x5ef4</load_address>
         <run_address>0x5ef4</run_address>
         <size>0x58</size>
         <input_file_ref idref="fl-113"/>
      </object_component>
      <object_component id="oc-715">
         <name>.text:HOSTwrite</name>
         <load_address>0x5f4c</load_address>
         <run_address>0x5f4c</run_address>
         <size>0x58</size>
         <input_file_ref idref="fl-116"/>
      </object_component>
      <object_component id="oc-4f3">
         <name>.text:_pconv_f</name>
         <load_address>0x5fa4</load_address>
         <run_address>0x5fa4</run_address>
         <size>0x56</size>
         <input_file_ref idref="fl-e8"/>
      </object_component>
      <object_component id="oc-626">
         <name>.text:units</name>
         <load_address>0x5ffc</load_address>
         <run_address>0x5ffc</run_address>
         <size>0x55</size>
         <input_file_ref idref="fl-a"/>
      </object_component>
      <object_component id="oc-5a3">
         <name>.text:__TI_ltoa</name>
         <load_address>0x6052</load_address>
         <run_address>0x6052</run_address>
         <size>0x54</size>
         <input_file_ref idref="fl-fa"/>
      </object_component>
      <object_component id="oc-337">
         <name>.text:bme280_get_power_mode</name>
         <load_address>0x60a8</load_address>
         <run_address>0x60a8</run_address>
         <size>0x54</size>
         <input_file_ref idref="fl-7"/>
      </object_component>
      <object_component id="oc-2fd">
         <name>.text:bme280_get_standby_durn</name>
         <load_address>0x60fc</load_address>
         <run_address>0x60fc</run_address>
         <size>0x54</size>
         <input_file_ref idref="fl-7"/>
      </object_component>
      <object_component id="oc-5b3">
         <name>.text:_ecpy</name>
         <load_address>0x6150</load_address>
         <run_address>0x6150</run_address>
         <size>0x52</size>
         <input_file_ref idref="fl-e8"/>
      </object_component>
      <object_component id="oc-481">
         <name>.text:__TI_doflush</name>
         <load_address>0x61a2</load_address>
         <run_address>0x61a2</run_address>
         <size>0x4c</size>
         <input_file_ref idref="fl-ea"/>
      </object_component>
      <object_component id="oc-4dc">
         <name>.text:atoi</name>
         <load_address>0x61f0</load_address>
         <run_address>0x61f0</run_address>
         <size>0x4c</size>
         <input_file_ref idref="fl-fc"/>
      </object_component>
      <object_component id="oc-349">
         <name>.text:bme280_read_register</name>
         <load_address>0x623c</load_address>
         <run_address>0x623c</run_address>
         <size>0x4c</size>
         <input_file_ref idref="fl-7"/>
      </object_component>
      <object_component id="oc-343">
         <name>.text:bme280_write_register</name>
         <load_address>0x6288</load_address>
         <run_address>0x6288</run_address>
         <size>0x4c</size>
         <input_file_ref idref="fl-7"/>
      </object_component>
      <object_component id="oc-1df">
         <name>.text:ready_u0</name>
         <load_address>0x62d4</load_address>
         <run_address>0x62d4</run_address>
         <size>0x4c</size>
         <input_file_ref idref="fl-4"/>
      </object_component>
      <object_component id="oc-232">
         <name>.text:__NVIC_SetPriority</name>
         <load_address>0x6320</load_address>
         <run_address>0x6320</run_address>
         <size>0x48</size>
         <input_file_ref idref="fl-10"/>
      </object_component>
      <object_component id="oc-1b2">
         <name>.text:cbfifo_length</name>
         <load_address>0x6368</load_address>
         <run_address>0x6368</run_address>
         <size>0x48</size>
         <input_file_ref idref="fl-9"/>
      </object_component>
      <object_component id="oc-163">
         <name>.text:exit</name>
         <load_address>0x63b0</load_address>
         <run_address>0x63b0</run_address>
         <size>0x48</size>
         <input_file_ref idref="fl-f8"/>
      </object_component>
      <object_component id="oc-59e">
         <name>.text</name>
         <load_address>0x63f8</load_address>
         <run_address>0x63f8</run_address>
         <size>0x48</size>
         <input_file_ref idref="fl-f3"/>
      </object_component>
      <object_component id="oc-21d">
         <name>.text:Init_cbfifo</name>
         <load_address>0x6440</load_address>
         <run_address>0x6440</run_address>
         <size>0x46</size>
         <input_file_ref idref="fl-9"/>
      </object_component>
      <object_component id="oc-709">
         <name>.text:HOSTclose</name>
         <load_address>0x6488</load_address>
         <run_address>0x6488</run_address>
         <size>0x44</size>
         <input_file_ref idref="fl-110"/>
      </object_component>
      <object_component id="oc-721">
         <name>.text:HOSTunlink</name>
         <load_address>0x64cc</load_address>
         <run_address>0x64cc</run_address>
         <size>0x44</size>
         <input_file_ref idref="fl-115"/>
      </object_component>
      <object_component id="oc-143">
         <name>.text:Init_RTC</name>
         <load_address>0x6510</load_address>
         <run_address>0x6510</run_address>
         <size>0x44</size>
         <input_file_ref idref="fl-3"/>
      </object_component>
      <object_component id="oc-169">
         <name>.text:__TI_auto_init_nobinit_nopinit:__TI_auto_init_nobinit_nopinit</name>
         <load_address>0x6554</load_address>
         <run_address>0x6554</run_address>
         <size>0x44</size>
         <input_file_ref idref="fl-f5"/>
      </object_component>
      <object_component id="oc-33d">
         <name>.text:bme280_set_soft_rst</name>
         <load_address>0x6598</load_address>
         <run_address>0x6598</run_address>
         <size>0x44</size>
         <input_file_ref idref="fl-7"/>
      </object_component>
      <object_component id="oc-7a6">
         <name>.text:getdevice</name>
         <load_address>0x65dc</load_address>
         <run_address>0x65dc</run_address>
         <size>0x44</size>
         <input_file_ref idref="fl-11b"/>
      </object_component>
      <object_component id="oc-62c">
         <name>.text:help</name>
         <load_address>0x6620</load_address>
         <run_address>0x6620</run_address>
         <size>0x43</size>
         <input_file_ref idref="fl-a"/>
      </object_component>
      <object_component id="oc-35c">
         <name>.text:sprintf</name>
         <load_address>0x6664</load_address>
         <run_address>0x6664</run_address>
         <size>0x40</size>
         <input_file_ref idref="fl-d5"/>
      </object_component>
      <object_component id="oc-53b">
         <name>.text:unknown_cmd</name>
         <load_address>0x66a4</load_address>
         <run_address>0x66a4</run_address>
         <size>0x3f</size>
         <input_file_ref idref="fl-a"/>
      </object_component>
      <object_component id="oc-5c6">
         <name>.text:_fcpy</name>
         <load_address>0x66e4</load_address>
         <run_address>0x66e4</run_address>
         <size>0x3e</size>
         <input_file_ref idref="fl-e8"/>
      </object_component>
      <object_component id="oc-2d9">
         <name>.text:I2C_routine</name>
         <load_address>0x6724</load_address>
         <run_address>0x6724</run_address>
         <size>0x38</size>
         <input_file_ref idref="fl-8"/>
      </object_component>
      <object_component id="oc-776">
         <name>.text:__TI_writemsg</name>
         <load_address>0x675c</load_address>
         <run_address>0x675c</run_address>
         <size>0x38</size>
         <input_file_ref idref="fl-117"/>
      </object_component>
      <object_component id="oc-36a">
         <name>.text</name>
         <load_address>0x6794</load_address>
         <run_address>0x6794</run_address>
         <size>0x38</size>
         <input_file_ref idref="fl-dc"/>
      </object_component>
      <object_component id="oc-52f">
         <name>.text:sscanf</name>
         <load_address>0x67cc</load_address>
         <run_address>0x67cc</run_address>
         <size>0x38</size>
         <input_file_ref idref="fl-d6"/>
      </object_component>
      <object_component id="oc-7c6">
         <name>.text:strncpy</name>
         <load_address>0x6804</load_address>
         <run_address>0x6804</run_address>
         <size>0x36</size>
         <input_file_ref idref="fl-11c"/>
      </object_component>
      <object_component id="oc-648">
         <name>.text:__TI_cleanup</name>
         <load_address>0x683c</load_address>
         <run_address>0x683c</run_address>
         <size>0x34</size>
         <input_file_ref idref="fl-10c"/>
      </object_component>
      <object_component id="oc-77c">
         <name>.text:__TI_readmsg</name>
         <load_address>0x6870</load_address>
         <run_address>0x6870</run_address>
         <size>0x34</size>
         <input_file_ref idref="fl-117"/>
      </object_component>
      <object_component id="oc-46">
         <name>.text:_c_int00_noargs:_c_int00_noargs</name>
         <load_address>0x68a4</load_address>
         <run_address>0x68a4</run_address>
         <size>0x34</size>
         <input_file_ref idref="fl-e7"/>
      </object_component>
      <object_component id="oc-356">
         <name>.text:BCD2DEC</name>
         <load_address>0x68d8</load_address>
         <run_address>0x68d8</run_address>
         <size>0x32</size>
         <input_file_ref idref="fl-3"/>
      </object_component>
      <object_component id="oc-3df">
         <name>.text:CS_clearInterruptFlag</name>
         <load_address>0x690c</load_address>
         <run_address>0x690c</run_address>
         <size>0x30</size>
         <input_file_ref idref="fl-1a"/>
      </object_component>
      <object_component id="oc-238">
         <name>.text:__NVIC_ClearPendingIRQ</name>
         <load_address>0x693c</load_address>
         <run_address>0x693c</run_address>
         <size>0x30</size>
         <input_file_ref idref="fl-10"/>
      </object_component>
      <object_component id="oc-217">
         <name>.text:__NVIC_EnableIRQ</name>
         <load_address>0x696c</load_address>
         <run_address>0x696c</run_address>
         <size>0x30</size>
         <input_file_ref idref="fl-4"/>
      </object_component>
      <object_component id="oc-224">
         <name>.text:__NVIC_EnableIRQ</name>
         <load_address>0x699c</load_address>
         <run_address>0x699c</run_address>
         <size>0x30</size>
         <input_file_ref idref="fl-5"/>
      </object_component>
      <object_component id="oc-23e">
         <name>.text:__NVIC_EnableIRQ</name>
         <load_address>0x69cc</load_address>
         <run_address>0x69cc</run_address>
         <size>0x30</size>
         <input_file_ref idref="fl-10"/>
      </object_component>
      <object_component id="oc-7cc">
         <name>.text:finddevice</name>
         <load_address>0x69fc</load_address>
         <run_address>0x69fc</run_address>
         <size>0x30</size>
         <input_file_ref idref="fl-11b"/>
      </object_component>
      <object_component id="oc-22b">
         <name>.text:set_rtc_time</name>
         <load_address>0x6a2c</load_address>
         <run_address>0x6a2c</run_address>
         <size>0x30</size>
         <input_file_ref idref="fl-3"/>
      </object_component>
      <object_component id="oc-5a9">
         <name>.text</name>
         <load_address>0x6a5c</load_address>
         <run_address>0x6a5c</run_address>
         <size>0x2e</size>
         <input_file_ref idref="fl-f4"/>
      </object_component>
      <object_component id="oc-3f5">
         <name>.text:BME280_I2C_bus_read</name>
         <load_address>0x6a8a</load_address>
         <run_address>0x6a8a</run_address>
         <size>0x2c</size>
         <input_file_ref idref="fl-8"/>
      </object_component>
      <object_component id="oc-3ef">
         <name>.text:BME280_I2C_bus_write</name>
         <load_address>0x6ab6</load_address>
         <run_address>0x6ab6</run_address>
         <size>0x2c</size>
         <input_file_ref idref="fl-8"/>
      </object_component>
      <object_component id="oc-76d">
         <name>.text:unlink</name>
         <load_address>0x6ae4</load_address>
         <run_address>0x6ae4</run_address>
         <size>0x2c</size>
         <input_file_ref idref="fl-11f"/>
      </object_component>
      <object_component id="oc-585">
         <name>.text:CS_getMCLK</name>
         <load_address>0x6b10</load_address>
         <run_address>0x6b10</run_address>
         <size>0x28</size>
         <input_file_ref idref="fl-1a"/>
      </object_component>
      <object_component id="oc-247">
         <name>.text:CS_getSMCLK</name>
         <load_address>0x6b38</load_address>
         <run_address>0x6b38</run_address>
         <size>0x28</size>
         <input_file_ref idref="fl-1a"/>
      </object_component>
      <object_component id="oc-6ec">
         <name>.text:free_list_insert</name>
         <load_address>0x6b60</load_address>
         <run_address>0x6b60</run_address>
         <size>0x28</size>
         <input_file_ref idref="fl-ff"/>
      </object_component>
      <object_component id="oc-634">
         <name>.text:lseek</name>
         <load_address>0x6b88</load_address>
         <run_address>0x6b88</run_address>
         <size>0x28</size>
         <input_file_ref idref="fl-119"/>
      </object_component>
      <object_component id="oc-e6">
         <name>.text:puts_u0</name>
         <load_address>0x6bb0</load_address>
         <run_address>0x6bb0</run_address>
         <size>0x28</size>
         <input_file_ref idref="fl-4"/>
      </object_component>
      <object_component id="oc-12b">
         <name>.text:startCrystalOscillator</name>
         <load_address>0x6bd8</load_address>
         <run_address>0x6bd8</run_address>
         <size>0x28</size>
         <input_file_ref idref="fl-e"/>
      </object_component>
      <object_component id="oc-487">
         <name>.text:write</name>
         <load_address>0x6c00</load_address>
         <run_address>0x6c00</run_address>
         <size>0x28</size>
         <input_file_ref idref="fl-109"/>
      </object_component>
      <object_component id="oc-4d2">
         <name>.text:DelayMs</name>
         <load_address>0x6c28</load_address>
         <run_address>0x6c28</run_address>
         <size>0x26</size>
         <input_file_ref idref="fl-b"/>
      </object_component>
      <object_component id="oc-459">
         <name>.text:sdelay</name>
         <load_address>0x6c4e</load_address>
         <run_address>0x6c4e</run_address>
         <size>0x26</size>
         <input_file_ref idref="fl-5"/>
      </object_component>
      <object_component id="oc-ec">
         <name>.text:delay</name>
         <load_address>0x6c74</load_address>
         <run_address>0x6c74</run_address>
         <size>0x24</size>
         <input_file_ref idref="fl-6"/>
      </object_component>
      <object_component id="oc-446">
         <name>.text:putch_u0</name>
         <load_address>0x6c98</load_address>
         <run_address>0x6c98</run_address>
         <size>0x24</size>
         <input_file_ref idref="fl-4"/>
      </object_component>
      <object_component id="oc-1d8">
         <name>.text:putch_u2</name>
         <load_address>0x6cbc</load_address>
         <run_address>0x6cbc</run_address>
         <size>0x24</size>
         <input_file_ref idref="fl-5"/>
      </object_component>
      <object_component id="oc-37e">
         <name>.text:send_stringu2</name>
         <load_address>0x6ce0</load_address>
         <run_address>0x6ce0</run_address>
         <size>0x24</size>
         <input_file_ref idref="fl-5"/>
      </object_component>
      <object_component id="oc-204">
         <name>.text:CS_setExternalClockSourceFrequency</name>
         <load_address>0x6d04</load_address>
         <run_address>0x6d04</run_address>
         <size>0x20</size>
         <input_file_ref idref="fl-1a"/>
      </object_component>
      <object_component id="oc-47b">
         <name>.text:memchr</name>
         <load_address>0x6d24</load_address>
         <run_address>0x6d24</run_address>
         <size>0x20</size>
         <input_file_ref idref="fl-fe"/>
      </object_component>
      <object_component id="oc-14f">
         <name>.text:Init_I2C</name>
         <load_address>0x6d44</load_address>
         <run_address>0x6d44</run_address>
         <size>0x1c</size>
         <input_file_ref idref="fl-c"/>
      </object_component>
      <object_component id="oc-297">
         <name>.text:_abort_msg</name>
         <load_address>0x6d60</load_address>
         <run_address>0x6d60</run_address>
         <size>0x1c</size>
         <input_file_ref idref="fl-e2"/>
      </object_component>
      <object_component id="oc-6e6">
         <name>.text:free_list_remove</name>
         <load_address>0x6d7c</load_address>
         <run_address>0x6d7c</run_address>
         <size>0x1c</size>
         <input_file_ref idref="fl-ff"/>
      </object_component>
      <object_component id="oc-e0">
         <name>.text:getch_u2</name>
         <load_address>0x6d98</load_address>
         <run_address>0x6d98</run_address>
         <size>0x1c</size>
         <input_file_ref idref="fl-5"/>
      </object_component>
      <object_component id="oc-505">
         <name>.text:memccpy</name>
         <load_address>0x6db4</load_address>
         <run_address>0x6db4</run_address>
         <size>0x1c</size>
         <input_file_ref idref="fl-fd"/>
      </object_component>
      <object_component id="oc-269">
         <name>.text:Cli</name>
         <load_address>0x6dd0</load_address>
         <run_address>0x6dd0</run_address>
         <size>0x1a</size>
         <input_file_ref idref="fl-a"/>
      </object_component>
      <object_component id="oc-68d">
         <name>.text:copysign</name>
         <load_address>0x6dea</load_address>
         <run_address>0x6dea</run_address>
         <size>0x1a</size>
         <input_file_ref idref="fl-f0"/>
      </object_component>
      <object_component id="oc-3c5">
         <name>.text:SysCtl_A_disableNMISource</name>
         <load_address>0x6e04</load_address>
         <run_address>0x6e04</run_address>
         <size>0x18</size>
         <input_file_ref idref="fl-1e"/>
      </object_component>
      <object_component id="oc-3d1">
         <name>.text:SysCtl_A_enableNMISource</name>
         <load_address>0x6e1c</load_address>
         <run_address>0x6e1c</run_address>
         <size>0x18</size>
         <input_file_ref idref="fl-1e"/>
      </object_component>
      <object_component id="oc-42d">
         <name>.text:_outs</name>
         <load_address>0x6e34</load_address>
         <run_address>0x6e34</run_address>
         <size>0x18</size>
         <input_file_ref idref="fl-d5"/>
      </object_component>
      <object_component id="oc-742">
         <name>.text</name>
         <load_address>0x6e4c</load_address>
         <run_address>0x6e4c</run_address>
         <size>0x18</size>
         <input_file_ref idref="fl-10f"/>
      </object_component>
      <object_component id="oc-535">
         <name>.text:strcmp</name>
         <load_address>0x6e64</load_address>
         <run_address>0x6e64</run_address>
         <size>0x18</size>
         <input_file_ref idref="fl-e5"/>
      </object_component>
      <object_component id="oc-6c9">
         <name>.text:strrchr</name>
         <load_address>0x6e7c</load_address>
         <run_address>0x6e7c</run_address>
         <size>0x18</size>
         <input_file_ref idref="fl-102"/>
      </object_component>
      <object_component id="oc-620">
         <name>.text:msg</name>
         <load_address>0x6e94</load_address>
         <run_address>0x6e94</run_address>
         <size>0x17</size>
         <input_file_ref idref="fl-a"/>
      </object_component>
      <object_component id="oc-5da">
         <name>.text:strchr</name>
         <load_address>0x6eac</load_address>
         <run_address>0x6eac</run_address>
         <size>0x16</size>
         <input_file_ref idref="fl-100"/>
      </object_component>
      <object_component id="oc-529">
         <name>.text:strcpy</name>
         <load_address>0x6ec2</load_address>
         <run_address>0x6ec2</run_address>
         <size>0x14</size>
         <input_file_ref idref="fl-e6"/>
      </object_component>
      <object_component id="oc-475">
         <name>.text:strlen</name>
         <load_address>0x6ed6</load_address>
         <run_address>0x6ed6</run_address>
         <size>0x14</size>
         <input_file_ref idref="fl-101"/>
      </object_component>
      <object_component id="oc-20a">
         <name>.text:CS_startHFXT</name>
         <load_address>0x6eea</load_address>
         <run_address>0x6eea</run_address>
         <size>0x12</size>
         <input_file_ref idref="fl-1a"/>
      </object_component>
      <object_component id="oc-608">
         <name>.text:_inpchar</name>
         <load_address>0x6efc</load_address>
         <run_address>0x6efc</run_address>
         <size>0x12</size>
         <input_file_ref idref="fl-d6"/>
      </object_component>
      <object_component id="oc-50b">
         <name>.text:wcslen</name>
         <load_address>0x6f0e</load_address>
         <run_address>0x6f0e</run_address>
         <size>0x12</size>
         <input_file_ref idref="fl-10b"/>
      </object_component>
      <object_component id="oc-3bf">
         <name>.text:SysCtl_A_getNMISourceStatus</name>
         <load_address>0x6f20</load_address>
         <run_address>0x6f20</run_address>
         <size>0x10</size>
         <input_file_ref idref="fl-1e"/>
      </object_component>
      <object_component id="oc-64">
         <name>.text:SysTick_Handler</name>
         <load_address>0x6f30</load_address>
         <run_address>0x6f30</run_address>
         <size>0x10</size>
         <input_file_ref idref="fl-10"/>
      </object_component>
      <object_component id="oc-210">
         <name>.text:CS_startLFXT</name>
         <load_address>0x6f40</load_address>
         <run_address>0x6f40</run_address>
         <size>0xe</size>
         <input_file_ref idref="fl-1a"/>
      </object_component>
      <object_component id="oc-c">
         <name>.text:decompress:none:__TI_decompress_none</name>
         <load_address>0x6f4e</load_address>
         <run_address>0x6f4e</run_address>
         <size>0xe</size>
         <input_file_ref idref="fl-e0"/>
      </object_component>
      <object_component id="oc-3fb">
         <name>.text:BME280_delay_msek</name>
         <load_address>0x6f5c</load_address>
         <run_address>0x6f5c</run_address>
         <size>0xc</size>
         <input_file_ref idref="fl-8"/>
      </object_component>
      <object_component id="oc-58">
         <name>.text:Reset_Handler</name>
         <load_address>0x6f68</load_address>
         <run_address>0x6f68</run_address>
         <size>0xc</size>
         <input_file_ref idref="fl-2"/>
      </object_component>
      <object_component id="oc-3a">
         <name>.text:decompress:ZI:__TI_zero_init</name>
         <load_address>0x6f74</load_address>
         <run_address>0x6f74</run_address>
         <size>0xc</size>
         <input_file_ref idref="fl-df"/>
      </object_component>
      <object_component id="oc-433">
         <name>.text:_outc</name>
         <load_address>0x6f80</load_address>
         <run_address>0x6f80</run_address>
         <size>0xa</size>
         <input_file_ref idref="fl-d5"/>
      </object_component>
      <object_component id="oc-511">
         <name>.text:__aeabi_errno_addr</name>
         <load_address>0x6f8c</load_address>
         <run_address>0x6f8c</run_address>
         <size>0x8</size>
         <input_file_ref idref="fl-108"/>
      </object_component>
      <object_component id="oc-60e">
         <name>.text:_uninpchar</name>
         <load_address>0x6f94</load_address>
         <run_address>0x6f94</run_address>
         <size>0x8</size>
         <input_file_ref idref="fl-d6"/>
      </object_component>
      <object_component id="oc-642">
         <name>.text:malloc</name>
         <load_address>0x6f9c</load_address>
         <run_address>0x6f9c</run_address>
         <size>0x8</size>
         <input_file_ref idref="fl-ff"/>
      </object_component>
      <object_component id="oc-58b">
         <name>.text:SysCtlDelay</name>
         <load_address>0x6fa4</load_address>
         <run_address>0x6fa4</run_address>
         <size>0x6</size>
         <input_file_ref idref="fl-b"/>
      </object_component>
      <object_component id="oc-a0">
         <name>.text:_system_pre_init</name>
         <load_address>0x6faa</load_address>
         <run_address>0x6faa</run_address>
         <size>0x4</size>
         <input_file_ref idref="fl-f6"/>
      </object_component>
      <object_component id="oc-15d">
         <name>.text:abort:abort</name>
         <load_address>0x6fae</load_address>
         <run_address>0x6fae</run_address>
         <size>0x4</size>
         <input_file_ref idref="fl-f8"/>
      </object_component>
      <object_component id="oc-58d">
         <name>.const:.string:_ctypes_</name>
         <load_address>0x7908</load_address>
         <run_address>0x7908</run_address>
         <size>0x101</size>
         <input_file_ref idref="fl-e3"/>
      </object_component>
      <object_component id="oc-74b">
         <name>.const:$O1$$</name>
         <load_address>0x7a10</load_address>
         <run_address>0x7a10</run_address>
         <size>0xc8</size>
         <input_file_ref idref="fl-103"/>
      </object_component>
      <object_component id="oc-2ce">
         <name>.const:GPIO_PORT_TO_BASE</name>
         <load_address>0x7ad8</load_address>
         <run_address>0x7ad8</run_address>
         <size>0x30</size>
         <input_file_ref idref="fl-1b"/>
      </object_component>
      <object_component id="oc-542">
         <name>.const:cmds</name>
         <load_address>0x7b08</load_address>
         <run_address>0x7b08</run_address>
         <size>0x20</size>
         <input_file_ref idref="fl-a"/>
      </object_component>
      <object_component id="oc-61f">
         <name>.const:.string</name>
         <load_address>0x7b28</load_address>
         <run_address>0x7b28</run_address>
         <size>0x16</size>
         <input_file_ref idref="fl-a"/>
      </object_component>
      <object_component id="oc-6cf">
         <name>.const:$O1$$</name>
         <load_address>0x7b40</load_address>
         <run_address>0x7b40</run_address>
         <size>0x10</size>
         <input_file_ref idref="fl-e9"/>
      </object_component>
      <object_component id="oc-f2">
         <name>.data:st</name>
         <load_address>0x77ec</load_address>
         <run_address>0x77ec</run_address>
         <size>0x64</size>
         <input_file_ref idref="fl-5"/>
      </object_component>
      <object_component id="oc-d0">
         <name>.data</name>
         <load_address>0x78a0</load_address>
         <run_address>0x78a0</run_address>
         <size>0x20</size>
         <input_file_ref idref="fl-6"/>
      </object_component>
      <object_component id="oc-352">
         <name>.data</name>
         <load_address>0x7904</load_address>
         <run_address>0x7904</run_address>
         <size>0x1</size>
         <input_file_ref idref="fl-7"/>
      </object_component>
      <object_component id="oc-fe">
         <name>.data</name>
         <load_address>0x7905</load_address>
         <run_address>0x7905</run_address>
         <size>0x1</size>
         <input_file_ref idref="fl-c"/>
      </object_component>
      <object_component id="oc-253">
         <name>.data:i2cConfig</name>
         <load_address>0x78c0</load_address>
         <run_address>0x78c0</run_address>
         <size>0x14</size>
         <input_file_ref idref="fl-c"/>
      </object_component>
      <object_component id="oc-3b3">
         <name>.data:_ftable</name>
         <load_address>0x7684</load_address>
         <run_address>0x7684</run_address>
         <size>0xf0</size>
         <input_file_ref idref="fl-e4"/>
      </object_component>
      <object_component id="oc-48f">
         <name>.data</name>
         <load_address>0x78d4</load_address>
         <run_address>0x78d4</run_address>
         <size>0x10</size>
         <input_file_ref idref="fl-e4"/>
      </object_component>
      <object_component id="oc-276">
         <name>.data:$O1$$</name>
         <load_address>0x78e4</load_address>
         <run_address>0x78e4</run_address>
         <size>0xc</size>
         <input_file_ref idref="fl-f8"/>
      </object_component>
      <object_component id="oc-279">
         <name>.data:$O1$$</name>
         <load_address>0x78f0</load_address>
         <run_address>0x78f0</run_address>
         <size>0x8</size>
         <input_file_ref idref="fl-f9"/>
      </object_component>
      <object_component id="oc-75b">
         <name>.data:$O1$$</name>
         <load_address>0x78f8</load_address>
         <run_address>0x78f8</run_address>
         <size>0x8</size>
         <input_file_ref idref="fl-ff"/>
      </object_component>
      <object_component id="oc-5ea">
         <name>.data</name>
         <load_address>0x7900</load_address>
         <run_address>0x7900</run_address>
         <size>0x4</size>
         <input_file_ref idref="fl-108"/>
      </object_component>
      <object_component id="oc-65b">
         <name>.data:_device</name>
         <load_address>0x7774</load_address>
         <run_address>0x7774</run_address>
         <size>0x78</size>
         <input_file_ref idref="fl-10a"/>
      </object_component>
      <object_component id="oc-566">
         <name>.data:_stream</name>
         <load_address>0x7850</load_address>
         <run_address>0x7850</run_address>
         <size>0x50</size>
         <input_file_ref idref="fl-10a"/>
      </object_component>
      <object_component id="oc-34f">
         <name>.bss</name>
         <uninitialized>true</uninitialized>
         <run_address>0x7660</run_address>
         <size>0x4</size>
         <input_file_ref idref="fl-7"/>
      </object_component>
      <object_component id="oc-2a9">
         <name>.bss</name>
         <uninitialized>true</uninitialized>
         <run_address>0x7650</run_address>
         <size>0x8</size>
         <input_file_ref idref="fl-1a"/>
      </object_component>
      <object_component id="oc-7b0">
         <name>.bss:_CIOBUF_</name>
         <uninitialized>true</uninitialized>
         <run_address>0x7234</run_address>
         <size>0x120</size>
         <input_file_ref idref="fl-117"/>
      </object_component>
      <object_component id="oc-d6">
         <name>.common:Rx_cbuff0</name>
         <uninitialized>true</uninitialized>
         <run_address>0x7354</run_address>
         <size>0x110</size>
      </object_component>
      <object_component id="oc-d9">
         <name>.common:Tx_cbuff0</name>
         <uninitialized>true</uninitialized>
[...]
         <name>__aeabi_stdin</name>
         <value>0x78d8</value>
         <object_component_ref idref="oc-48f"/>
      </symbol>
      <symbol id="sm-869">
         <name>_ftable</name>
         <value>0x7684</value>
         <object_component_ref idref="oc-3b3"/>
      </symbol>
      <symbol id="sm-86a">
         <name>__TI_ft_end</name>
         <value>0x78d4</value>
         <object_component_ref idref="oc-48f"/>
      </symbol>
      <symbol id="sm-879">
         <name>strcmp</name>
         <value>0x6e65</value>
         <object_component_ref idref="oc-535"/>
      </symbol>
      <symbol id="sm-887">
         <name>strcpy</name>
         <value>0x6ec3</value>
         <object_component_ref idref="oc-529"/>
      </symbol>
      <symbol id="sm-89a">
         <name>__stack</name>
         <value>0x8350</value>
         <object_component_ref idref="oc-17"/>
      </symbol>
      <symbol id="sm-89b">
         <name>_c_int00_noargs</name>
         <value>0x68a5</value>
         <object_component_ref idref="oc-46"/>
      </symbol>
      <symbol id="sm-a00">
         <name>__TI_printfi</name>
         <value>0xb11</value>
         <object_component_ref idref="oc-427"/>
      </symbol>
      <symbol id="sm-ab1">
         <name>__TI_scanfi</name>
         <value>0x21</value>
         <object_component_ref idref="oc-602"/>
      </symbol>
      <symbol id="sm-ad2">
         <name>__TI_doflush</name>
         <value>0x61a3</value>
         <object_component_ref idref="oc-481"/>
      </symbol>
      <symbol id="sm-ad3">
         <name>fflush</name>
         <value>0x53f5</value>
         <object_component_ref idref="oc-3ad"/>
      </symbol>
      <symbol id="sm-af1">
         <name>fputs</name>
         <value>0x3a19</value>
         <object_component_ref idref="oc-3a7"/>
      </symbol>
      <symbol id="sm-b09">
         <name>__TI_wrt_ok</name>
         <value>0x5c03</value>
         <object_component_ref idref="oc-46f"/>
      </symbol>
      <symbol id="sm-b25">
         <name>setvbuf</name>
         <value>0x4989</value>
         <object_component_ref idref="oc-559"/>
      </symbol>
      <symbol id="sm-b45">
         <name>frexpl</name>
         <value>0x5ad9</value>
         <object_component_ref idref="oc-5ce"/>
      </symbol>
      <symbol id="sm-b46">
         <name>frexp</name>
         <value>0x5ad9</value>
         <object_component_ref idref="oc-5ce"/>
      </symbol>
      <symbol id="sm-b63">
         <name>scalbn</name>
         <value>0x3b2d</value>
         <object_component_ref idref="oc-5d4"/>
      </symbol>
      <symbol id="sm-b64">
         <name>scalbnl</name>
         <value>0x3b2d</value>
         <object_component_ref idref="oc-5d4"/>
      </symbol>
      <symbol id="sm-b65">
         <name>ldexpl</name>
         <value>0x3b2d</value>
         <object_component_ref idref="oc-5d4"/>
      </symbol>
      <symbol id="sm-b66">
         <name>ldexp</name>
         <value>0x3b2d</value>
         <object_component_ref idref="oc-5d4"/>
      </symbol>
      <symbol id="sm-b70">
         <name>copysign</name>
         <value>0x6deb</value>
         <object_component_ref idref="oc-68d"/>
      </symbol>
      <symbol id="sm-b71">
         <name>copysignl</name>
         <value>0x6deb</value>
         <object_component_ref idref="oc-68d"/>
      </symbol>
      <symbol id="sm-b7e">
         <name>__aeabi_uldivmod</name>
         <value>0x4f29</value>
         <object_component_ref idref="oc-592"/>
      </symbol>
      <symbol id="sm-b95">
         <name>__aeabi_dsub</name>
         <value>0x21c9</value>
         <object_component_ref idref="oc-5ae"/>
      </symbol>
      <symbol id="sm-b96">
         <name>__aeabi_dadd</name>
         <value>0x21d3</value>
         <object_component_ref idref="oc-5ae"/>
      </symbol>
      <symbol id="sm-ba0">
         <name>__aeabi_d2iz</name>
         <value>0x63f9</value>
         <object_component_ref idref="oc-59e"/>
      </symbol>
      <symbol id="sm-baa">
         <name>__aeabi_i2d</name>
         <value>0x6a5d</value>
         <object_component_ref idref="oc-5a9"/>
      </symbol>
      <symbol id="sm-bd2">
         <name>__TI_auto_init_nobinit_nopinit</name>
         <value>0x6555</value>
         <object_component_ref idref="oc-169"/>
      </symbol>
      <symbol id="sm-bdc">
         <name>_system_pre_init</name>
         <value>0x6fab</value>
         <object_component_ref idref="oc-a0"/>
      </symbol>
      <symbol id="sm-c03">
         <name>C$$EXIT</name>
         <value>0x6faf</value>
         <object_component_ref idref="oc-15d"/>
      </symbol>
      <symbol id="sm-c04">
         <name>abort</name>
         <value>0x6faf</value>
         <object_component_ref idref="oc-15d"/>
      </symbol>
      <symbol id="sm-c05">
         <name>__TI_dtors_ptr</name>
         <value>0x78e8</value>
         <object_component_ref idref="oc-276"/>
      </symbol>
      <symbol id="sm-c06">
         <name>__TI_cleanup_ptr</name>
         <value>0x78e4</value>
         <object_component_ref idref="oc-276"/>
      </symbol>
      <symbol id="sm-c07">
         <name>__TI_enable_exit_profile_output</name>
         <value>0x78ec</value>
         <object_component_ref idref="oc-276"/>
      </symbol>
      <symbol id="sm-c08">
         <name>exit</name>
         <value>0x63b1</value>
         <object_component_ref idref="oc-163"/>
      </symbol>
      <symbol id="sm-c1d">
         <name>_nop</name>
         <value>0x237f</value>
         <object_component_ref idref="oc-386"/>
      </symbol>
      <symbol id="sm-c1e">
         <name>_lock</name>
         <value>0x78f0</value>
         <object_component_ref idref="oc-279"/>
      </symbol>
      <symbol id="sm-c1f">
         <name>_unlock</name>
         <value>0x78f4</value>
         <object_component_ref idref="oc-279"/>
      </symbol>
      <symbol id="sm-c2e">
         <name>__TI_ltoa</name>
         <value>0x6053</value>
         <object_component_ref idref="oc-5a3"/>
      </symbol>
      <symbol id="sm-c45">
         <name>atoi</name>
         <value>0x61f1</value>
         <object_component_ref idref="oc-4dc"/>
      </symbol>
      <symbol id="sm-c55">
         <name>memccpy</name>
         <value>0x6db5</value>
         <object_component_ref idref="oc-505"/>
      </symbol>
      <symbol id="sm-c65">
         <name>memchr</name>
         <value>0x6d25</value>
         <object_component_ref idref="oc-47b"/>
      </symbol>
      <symbol id="sm-cee">
         <name>_sys_memory</name>
         <value>0x7b50</value>
         <object_component_ref idref="oc-1a"/>
      </symbol>
      <symbol id="sm-cef">
         <name>free</name>
         <value>0x46e9</value>
         <object_component_ref idref="oc-63c"/>
      </symbol>
      <symbol id="sm-cf0">
         <name>memalign</name>
         <value>0x3f59</value>
         <object_component_ref idref="oc-6f3"/>
      </symbol>
      <symbol id="sm-cf1">
         <name>malloc</name>
         <value>0x6f9d</value>
         <object_component_ref idref="oc-642"/>
      </symbol>
      <symbol id="sm-cf2">
         <name>aligned_alloc</name>
         <value>0x3f59</value>
         <object_component_ref idref="oc-6f3"/>
      </symbol>
      <symbol id="sm-d02">
         <name>strchr</name>
         <value>0x6ead</value>
         <object_component_ref idref="oc-5da"/>
      </symbol>
      <symbol id="sm-d10">
         <name>strlen</name>
         <value>0x6ed7</value>
         <object_component_ref idref="oc-475"/>
      </symbol>
      <symbol id="sm-d1f">
         <name>strrchr</name>
         <value>0x6e7d</value>
         <object_component_ref idref="oc-6c9"/>
      </symbol>
      <symbol id="sm-d7f">
         <name>strtold</name>
         <value>0x1561</value>
         <object_component_ref idref="oc-6b7"/>
      </symbol>
      <symbol id="sm-d80">
         <name>strtod</name>
         <value>0x1561</value>
         <object_component_ref idref="oc-6b7"/>
      </symbol>
      <symbol id="sm-da4">
         <name>strtol</name>
         <value>0x37c5</value>
         <object_component_ref idref="oc-6bd"/>
      </symbol>
      <symbol id="sm-dca">
         <name>strtoll</name>
         <value>0x1e1d</value>
         <object_component_ref idref="oc-6c3"/>
      </symbol>
      <symbol id="sm-dea">
         <name>strtoul</name>
         <value>0x3c3d</value>
         <object_component_ref idref="oc-6b1"/>
      </symbol>
      <symbol id="sm-e0d">
         <name>strtoull</name>
         <value>0x2afd</value>
         <object_component_ref idref="oc-6ab"/>
      </symbol>
      <symbol id="sm-e23">
         <name>__aeabi_errno_addr</name>
         <value>0x6f8d</value>
         <object_component_ref idref="oc-511"/>
      </symbol>
      <symbol id="sm-e24">
         <name>errno</name>
         <value>0x7900</value>
         <object_component_ref idref="oc-5ea"/>
      </symbol>
      <symbol id="sm-e3e">
         <name>write</name>
         <value>0x6c01</value>
         <object_component_ref idref="oc-487"/>
      </symbol>
      <symbol id="sm-e4f">
         <name>_stream</name>
         <value>0x7850</value>
         <object_component_ref idref="oc-566"/>
      </symbol>
      <symbol id="sm-e50">
         <name>_device</name>
         <value>0x7774</value>
         <object_component_ref idref="oc-65b"/>
      </symbol>
      <symbol id="sm-e69">
         <name>wcslen</name>
         <value>0x6f0f</value>
         <object_component_ref idref="oc-50b"/>
      </symbol>
      <symbol id="sm-e79">
         <name>__TI_cleanup</name>
         <value>0x683d</value>
         <object_component_ref idref="oc-648"/>
      </symbol>
      <symbol id="sm-e8b">
         <name>fseek</name>
         <value>0x5b3d</value>
         <object_component_ref idref="oc-553"/>
      </symbol>
      <symbol id="sm-e95">
         <name>__aeabi_idiv0</name>
         <value>0x3693</value>
         <object_component_ref idref="oc-676"/>
      </symbol>
      <symbol id="sm-e96">
         <name>__aeabi_ldiv0</name>
         <value>0x3693</value>
         <object_component_ref idref="oc-676"/>
      </symbol>
      <symbol id="sm-e9f">
         <name>__aeabi_lmul</name>
         <value>0x6e4d</value>
         <object_component_ref idref="oc-742"/>
      </symbol>
      <symbol id="sm-eb0">
         <name>HOSTclose</name>
         <value>0x6489</value>
         <object_component_ref idref="oc-709"/>
      </symbol>
      <symbol id="sm-ec1">
         <name>HOSTlseek</name>
         <value>0x580d</value>
         <object_component_ref idref="oc-71b"/>
      </symbol>
      <symbol id="sm-ed3">
         <name>parmbuf</name>
         <value>0x7658</value>
      </symbol>
      <symbol id="sm-ed4">
         <name>HOSTopen</name>
         <value>0x5c65</value>
         <object_component_ref idref="oc-703"/>
      </symbol>
      <symbol id="sm-ee5">
         <name>HOSTread</name>
         <value>0x5ef5</value>
         <object_component_ref idref="oc-70f"/>
      </symbol>
      <symbol id="sm-ef6">
         <name>HOSTrename</name>
         <value>0x57a1</value>
         <object_component_ref idref="oc-727"/>
      </symbol>
      <symbol id="sm-f07">
         <name>HOSTunlink</name>
         <value>0x64cd</value>
         <object_component_ref idref="oc-721"/>
      </symbol>
      <symbol id="sm-f18">
         <name>HOSTwrite</name>
         <value>0x5f4d</value>
         <object_component_ref idref="oc-715"/>
      </symbol>
      <symbol id="sm-f3c">
         <name>__TI_readmsg</name>
         <value>0x6871</value>
         <object_component_ref idref="oc-77c"/>
      </symbol>
      <symbol id="sm-f3d">
         <name>C$$IO$$</name>
         <value>0x678b</value>
         <object_component_ref idref="oc-776"/>
      </symbol>
      <symbol id="sm-f3e">
         <name>__CIOBUF_</name>
         <value>0x7234</value>
         <object_component_ref idref="oc-7b0"/>
      </symbol>
      <symbol id="sm-f3f">
         <name>__TI_writemsg</name>
         <value>0x675d</value>
         <object_component_ref idref="oc-776"/>
      </symbol>
      <symbol id="sm-f50">
         <name>lseek</name>
         <value>0x6b89</value>
         <object_component_ref idref="oc-634"/>
      </symbol>
      <symbol id="sm-f65">
         <name>__TI_closefile</name>
         <value>0x55e1</value>
         <object_component_ref idref="oc-6fa"/>
      </symbol>
      <symbol id="sm-f88">
         <name>finddevice</name>
         <value>0x69fd</value>
         <object_component_ref idref="oc-7cc"/>
      </symbol>
      <symbol id="sm-f89">
         <name>getdevice</name>
         <value>0x65dd</value>
         <object_component_ref idref="oc-7a6"/>
      </symbol>
      <symbol id="sm-f99">
         <name>strncpy</name>
         <value>0x6805</value>
         <object_component_ref idref="oc-7c6"/>
      </symbol>
      <symbol id="sm-fae">
         <name>close</name>
         <value>0x5e99</value>
         <object_component_ref idref="oc-767"/>
      </symbol>
      <symbol id="sm-fbe">
         <name>unlink</name>
         <value>0x6ae5</value>
         <object_component_ref idref="oc-76d"/>
      </symbol>
      <symbol id="sm-fbf">
         <name>__TI_static_base__</name>
         <value>0x8638</value>
      </symbol>
      <symbol id="sm-fc2">
         <name>__mpu_init</name>
         <value>0x0</value>
      </symbol>
      <symbol id="sm-fc3">
         <name>_system_post_cinit</name>
         <value>0x0</value>
      </symbol>
      <symbol id="sm-fc4">
         <name>NMI_Handler</name>
         <value>0x155f</value>
      </symbol>
      <symbol id="sm-fc5">
         <name>HardFault_Handler</name>
         <value>0x155f</value>
      </symbol>
      <symbol id="sm-fc6">
         <name>MemManage_Handler</name>
         <value>0x155f</value>
      </symbol>
      <symbol id="sm-fc7">
         <name>BusFault_Handler</name>
         <value>0x155f</value>
      </symbol>
      <symbol id="sm-fc8">
         <name>UsageFault_Handler</name>
         <value>0x155f</value>
      </symbol>
      <symbol id="sm-fc9">
         <name>SVC_Handler</name>
         <value>0x155f</value>
      </symbol>
      <symbol id="sm-fca">
         <name>DebugMon_Handler</name>
         <value>0x155f</value>
      </symbol>
      <symbol id="sm-fcb">
         <name>PendSV_Handler</name>
         <value>0x155f</value>
      </symbol>
      <symbol id="sm-fcc">
         <name>SysTick_Handler</name>
         <value>0x6f31</value>
      </symbol>
      <symbol id="sm-fcd">
         <name>PSS_IRQHandler</name>
         <value>0x155f</value>
      </symbol>
      <symbol id="sm-fce">
         <name>CS_IRQHandler</name>
         <value>0x155f</value>
      </symbol>
      <symbol id="sm-fcf">
         <name>PCM_IRQHandler</name>
         <value>0x155f</value>
      </symbol>
      <symbol id="sm-fd0">
         <name>WDT_A_IRQHandler</name>
         <value>0x155f</value>
      </symbol>
      <symbol id="sm-fd1">
         <name>FPU_IRQHandler</name>
         <value>0x155f</value>
      </symbol>
      <symbol id="sm-fd2">
         <name>FLCTL_IRQHandler</name>
         <value>0x155f</value>
      </symbol>
      <symbol id="sm-fd3">
         <name>COMP_E0_IRQHandler</name>
         <value>0x155f</value>
      </symbol>
      <symbol id="sm-fd4">
         <name>COMP_E1_IRQHandler</name>
         <value>0x155f</value>
      </symbol>
      <symbol id="sm-fd5">
         <name>TA0_0_IRQHandler</name>
         <value>0x155f</value>
      </symbol>
      <symbol id="sm-fd6">
         <name>TA0_N_IRQHandler</name>
         <value>0x155f</value>
      </symbol>
      <symbol id="sm-fd7">
         <name>TA1_0_IRQHandler</name>
         <value>0x155f</value>
      </symbol>
      <symbol id="sm-fd8">
         <name>TA1_N_IRQHandler</name>
         <value>0x155f</value>
      </symbol>
      <symbol id="sm-fd9">
         <name>TA2_0_IRQHandler</name>
         <value>0x155f</value>
      </symbol>
      <symbol id="sm-fda">
         <name>TA2_N_IRQHandler</name>
         <value>0x155f</value>
      </symbol>
      <symbol id="sm-fdb">
         <name>TA3_0_IRQHandler</name>
         <value>0x155f</value>
      </symbol>
      <symbol id="sm-fdc">
         <name>TA3_N_IRQHandler</name>
         <value>0x155f</value>
      </symbol>
      <symbol id="sm-fdd">
         <name>EUSCIA0_IRQHandler</name>
         <value>0x3d4d</value>
      </symbol>
      <symbol id="sm-fde">
         <name>EUSCIA1_IRQHandler</name>
         <value>0x155f</value>
      </symbol>
      <symbol id="sm-fdf">
         <name>EUSCIA2_IRQHandler</name>
         <value>0x424d</value>
      </symbol>
      <symbol id="sm-fe0">
         <name>EUSCIA3_IRQHandler</name>
         <value>0x155f</value>
      </symbol>
      <symbol id="sm-fe1">
         <name>EUSCIB0_IRQHandler</name>
         <value>0x155f</value>
      </symbol>
      <symbol id="sm-fe2">
         <name>EUSCIB1_IRQHandler</name>
         <value>0x4431</value>
      </symbol>
      <symbol id="sm-fe3">
         <name>EUSCIB2_IRQHandler</name>
         <value>0x155f</value>
      </symbol>
      <symbol id="sm-fe4">
         <name>EUSCIB3_IRQHandler</name>
         <value>0x155f</value>
      </symbol>
      <symbol id="sm-fe5">
         <name>ADC14_IRQHandler</name>
         <value>0x155f</value>
      </symbol>
      <symbol id="sm-fe6">
         <name>T32_INT1_IRQHandler</name>
         <value>0x155f</value>
      </symbol>
      <symbol id="sm-fe7">
         <name>T32_INT2_IRQHandler</name>
         <value>0x155f</value>
      </symbol>
      <symbol id="sm-fe8">
         <name>T32_INTC_IRQHandler</name>
         <value>0x155f</value>
      </symbol>
      <symbol id="sm-fe9">
         <name>AES256_IRQHandler</name>
         <value>0x155f</value>
      </symbol>
      <symbol id="sm-fea">
         <name>RTC_C_IRQHandler</name>
         <value>0x155f</value>
      </symbol>
      <symbol id="sm-feb">
         <name>DMA_ERR_IRQHandler</name>
         <value>0x155f</value>
      </symbol>
      <symbol id="sm-fec">
         <name>DMA_INT3_IRQHandler</name>
         <value>0x155f</value>
      </symbol>
      <symbol id="sm-fed">
         <name>DMA_INT2_IRQHandler</name>
         <value>0x155f</value>
      </symbol>
      <symbol id="sm-fee">
         <name>DMA_INT1_IRQHandler</name>
         <value>0x155f</value>
      </symbol>
      <symbol id="sm-fef">
         <name>DMA_INT0_IRQHandler</name>
         <value>0x155f</value>
      </symbol>
      <symbol id="sm-ff0">
         <name>PORT1_IRQHandler</name>
         <value>0x155f</value>
      </symbol>
      <symbol id="sm-ff1">
         <name>PORT2_IRQHandler</name>
         <value>0x155f</value>
      </symbol>
      <symbol id="sm-ff2">
         <name>PORT3_IRQHandler</name>
         <value>0x155f</value>
      </symbol>
      <symbol id="sm-ff3">
         <name>PORT4_IRQHandler</name>
         <value>0x155f</value>
      </symbol>
      <symbol id="sm-ff4">
         <name>PORT5_IRQHandler</name>
         <value>0x155f</value>
      </symbol>
      <symbol id="sm-ff5">
         <name>PORT6_IRQHandler</name>
         <value>0x155f</value>
      </symbol>
      <symbol id="sm-ff6">
         <name>remove</name>
         <value>0x6ae5</value>
      </symbol>
   </symbol_table>
   <title>Link successful</title>
</link_info>
